Archive member included to satisfy reference by file (symbol)

C:\Users\qitas\.platformio\packages\framework-arduinoasrmicro650x\cores\asr650x\projects\CubeCellLib.a(ASR_Arduino.o)
                              .pio\build\cubecell_node\src\ADC.ino.cpp.o (analogRead)
C:\Users\qitas\.platformio\packages\framework-arduinoasrmicro650x\cores\asr650x\projects\CubeCellLib.a(timeServer.o)
                              C:\Users\qitas\.platformio\packages\framework-arduinoasrmicro650x\cores\asr650x\projects\CubeCellLib.a(ASR_Arduino.o) (TimerGetCurrentTime)
C:\Users\qitas\.platformio\packages\framework-arduinoasrmicro650x\cores\asr650x\projects\CubeCellLib.a(lorawan_port.o)
                              C:\Users\qitas\.platformio\packages\framework-arduinoasrmicro650x\cores\asr650x\projects\CubeCellLib.a(timeServer.o) (aos_lrwan_time_itf)
C:\Users\qitas\.platformio\packages\framework-arduinoasrmicro650x\cores\asr650x\projects\CubeCellLib.a(asr_timer.o)
                              C:\Users\qitas\.platformio\packages\framework-arduinoasrmicro650x\cores\asr650x\projects\CubeCellLib.a(lorawan_port.o) (Asr_Timer_RegisterAlarmCallback)
C:\Users\qitas\.platformio\packages\framework-arduinoasrmicro650x\cores\asr650x\projects\CubeCellLib.a(cyfitter_cfg.o)
                              C:\Users\qitas\.platformio\packages\framework-arduinoasrmicro650x\cores\asr650x\projects\CubeCellLib.a(ASR_Arduino.o) (systime)
.pio\build\cubecell_node\libFrameworkArduino.a(HardwareSerial.cpp.o)
                              .pio\build\cubecell_node\src\ADC.ino.cpp.o (HardwareSerial::begin(unsigned long, signed char, unsigned long, bool, unsigned long))
.pio\build\cubecell_node\libFrameworkArduino.a(asr_board.c.o)
                              C:\Users\qitas\.platformio\packages\framework-arduinoasrmicro650x\cores\asr650x\projects\CubeCellLib.a(lorawan_port.o) (HW_Get_MFT_ID)
.pio\build\cubecell_node\libFrameworkArduino.a(gpio.c.o)
                              .pio\build\cubecell_node\libFrameworkArduino.a(asr_board.c.o) (GpioInit)
.pio\build\cubecell_node\libFrameworkArduino.a(spi-board.c.o)
                              .pio\build\cubecell_node\libFrameworkArduino.a(asr_board.c.o) (SpiInit)
.pio\build\cubecell_node\libFrameworkArduino.a(ADC_SAR_Seq.c.o)
                              C:\Users\qitas\.platformio\packages\framework-arduinoasrmicro650x\cores\asr650x\projects\CubeCellLib.a(ASR_Arduino.o) (ADC_SAR_Seq_Start)
.pio\build\cubecell_node\libFrameworkArduino.a(ADC_SAR_Seq_INT.c.o)
                              .pio\build\cubecell_node\libFrameworkArduino.a(ADC_SAR_Seq.c.o) (ADC_SAR_Seq_ISR)
.pio\build\cubecell_node\libFrameworkArduino.a(PWM1.c.o)
                              C:\Users\qitas\.platformio\packages\framework-arduinoasrmicro650x\cores\asr650x\projects\CubeCellLib.a(ASR_Arduino.o) (PWM1_Stop)
.pio\build\cubecell_node\libFrameworkArduino.a(PWM2.c.o)
                              C:\Users\qitas\.platformio\packages\framework-arduinoasrmicro650x\cores\asr650x\projects\CubeCellLib.a(ASR_Arduino.o) (PWM2_Stop)
.pio\build\cubecell_node\libFrameworkArduino.a(Print.cpp.o)
                              .pio\build\cubecell_node\src\ADC.ino.cpp.o (Print::print(char const*))
.pio\build\cubecell_node\libFrameworkArduino.a(Stream.cpp.o)
                              .pio\build\cubecell_node\libFrameworkArduino.a(HardwareSerial.cpp.o) (Stream::readBytes(char*, unsigned int))
.pio\build\cubecell_node\libFrameworkArduino.a(WString.cpp.o)
                              .pio\build\cubecell_node\libFrameworkArduino.a(Stream.cpp.o) (String::String(char const*))
.pio\build\cubecell_node\libFrameworkArduino.a(irq.c.o)
                              C:\Users\qitas\.platformio\packages\framework-arduinoasrmicro650x\cores\asr650x\projects\CubeCellLib.a(ASR_Arduino.o) (global_irq_StartEx)
.pio\build\cubecell_node\libFrameworkArduino.a(stdlib_noniso.c.o)
                              .pio\build\cubecell_node\libFrameworkArduino.a(WString.cpp.o) (ltoa)
.pio\build\cubecell_node\libFrameworkArduino.a(radio.c.o)
                              .pio\build\cubecell_node\libFrameworkArduino.a(asr_board.c.o) (SX126x)
.pio\build\cubecell_node\libFrameworkArduino.a(sx126x.c.o)
                              .pio\build\cubecell_node\libFrameworkArduino.a(radio.c.o) (SX126xGetOperatingMode)
.pio\build\cubecell_node\libFrameworkArduino.a(delay.c.o)
                              .pio\build\cubecell_node\libFrameworkArduino.a(asr_board.c.o) (DelayMs)
.pio\build\cubecell_node\libFrameworkArduino.a(low_power.c.o)
                              C:\Users\qitas\.platformio\packages\framework-arduinoasrmicro650x\cores\asr650x\projects\CubeCellLib.a(lorawan_port.o) (LowPower_Disable)
.pio\build\cubecell_node\libFrameworkArduino.a(utilities.c.o)
                              .pio\build\cubecell_node\libFrameworkArduino.a(radio.c.o) (rand1)
.pio\build\cubecell_node\libFrameworkArduino.a(main.cpp.o)
[...]
Memory Configuration

Name             Origin             Length             Attributes
rom              0x0000000000000000 0x0000000000020000 xr
ram              0x0000000020000000 0x0000000000004000 xrw
*default*        0x0000000000000000 0xffffffffffffffff

Linker script and memory map

LOAD c:/users/qitas/.platformio/packages/toolchain-gccarmnoneeabi/bin/../lib/gcc/arm-none-eabi/9.2.1/thumb/v6-m/nofp/crti.o
LOAD c:/users/qitas/.platformio/packages/toolchain-gccarmnoneeabi/bin/../lib/gcc/arm-none-eabi/9.2.1/thumb/v6-m/nofp/crtbegin.o
LOAD c:/users/qitas/.platformio/packages/toolchain-gccarmnoneeabi/bin/../lib/gcc/arm-none-eabi/9.2.1/../../../../arm-none-eabi/lib/thumb/v6-m/nofp/crt0.o
LOAD .pio\build\cubecell_node\src\ADC.ino.cpp.o
START GROUP
LOAD C:\Users\qitas\.platformio\packages\framework-arduinoasrmicro650x\cores\asr650x\projects\CubeCellLib.a
LOAD .pio\build\cubecell_node\libFrameworkArduinoVariant.a
LOAD .pio\build\cubecell_node\libFrameworkArduino.a
LOAD c:/users/qitas/.platformio/packages/toolchain-gccarmnoneeabi/bin/../lib/gcc/arm-none-eabi/9.2.1/../../../../arm-none-eabi/lib/thumb/v6-m/nofp\libstdc++_nano.a
END GROUP
LOAD c:/users/qitas/.platformio/packages/toolchain-gccarmnoneeabi/bin/../lib/gcc/arm-none-eabi/9.2.1/../../../../arm-none-eabi/lib/thumb/v6-m/nofp\libstdc++_nano.a
LOAD c:/users/qitas/.platformio/packages/toolchain-gccarmnoneeabi/bin/../lib/gcc/arm-none-eabi/9.2.1/../../../../arm-none-eabi/lib/thumb/v6-m/nofp\libm.a
START GROUP
LOAD c:/users/qitas/.platformio/packages/toolchain-gccarmnoneeabi/bin/../lib/gcc/arm-none-eabi/9.2.1/thumb/v6-m/nofp\libgcc.a
LOAD c:/users/qitas/.platformio/packages/toolchain-gccarmnoneeabi/bin/../lib/gcc/arm-none-eabi/9.2.1/../../../../arm-none-eabi/lib/thumb/v6-m/nofp\libc_nano.a
END GROUP
START GROUP
LOAD c:/users/qitas/.platformio/packages/toolchain-gccarmnoneeabi/bin/../lib/gcc/arm-none-eabi/9.2.1/thumb/v6-m/nofp\libgcc.a
LOAD c:/users/qitas/.platformio/packages/toolchain-gccarmnoneeabi/bin/../lib/gcc/arm-none-eabi/9.2.1/../../../../arm-none-eabi/lib/thumb/v6-m/nofp\libc_nano.a
END GROUP
LOAD c:/users/qitas/.platformio/packages/toolchain-gccarmnoneeabi/bin/../lib/gcc/arm-none-eabi/9.2.1/thumb/v6-m/nofp/crtend.o
LOAD c:/users/qitas/.platformio/packages/toolchain-gccarmnoneeabi/bin/../lib/gcc/arm-none-eabi/9.2.1/thumb/v6-m/nofp/crtn.o
START GROUP
LOAD c:/users/qitas/.platformio/packages/toolchain-gccarmnoneeabi/bin/../lib/gcc/arm-none-eabi/9.2.1/thumb/v6-m/nofp\libgcc.a
LOAD c:/users/qitas/.platformio/packages/toolchain-gccarmnoneeabi/bin/../lib/gcc/arm-none-eabi/9.2.1/../../../../arm-none-eabi/lib/thumb/v6-m/nofp\libc.a
LOAD c:/users/qitas/.platformio/packages/toolchain-gccarmnoneeabi/bin/../lib/gcc/arm-none-eabi/9.2.1/../../../../arm-none-eabi/lib/thumb/v6-m/nofp\libnosys.a
END GROUP
                0x0000000000000000                CY_APPL_ORIGIN = 0x0
                0x0000000000000100                CY_FLASH_ROW_SIZE = 0x100
                0x0000000000000001                CY_APPL_NUM = 0x1
                0x0000000000000001                CY_APPL_MAX = 0x1
                0x0000000000000040                CY_METADATA_SIZE = 0x40
                0x0000000000000001                CY_APPL_LOADABLE = 0x1
                0x0000000000000000                CY_CHECKSUM_EXCLUDE_SIZE = ALIGN (0x0, CY_FLASH_ROW_SIZE)
                0x0000000000000000                CY_APP_FOR_STACK_AND_COPIER = 0x0
                [!provide]                        PROVIDE (__cy_heap_start = _end)
                0x0000000000000001                PROVIDE (__cy_region_num = ((__cy_regions_end - __cy_regions) / 0x10))
                0x0000000020004000                PROVIDE (__cy_stack = (ORIGIN (ram) + LENGTH (ram)))
                [!provide]                        PROVIDE (__cy_heap_end = (__cy_stack - 0x800))

.cybootloader   0x0000000000000000     0x2200
 *(.cybootloader)
 .cybootloader  0x0000000000000000     0x2200 .pio\build\cubecell_node\libFrameworkArduino.a(cybootloader.c.o)
                0x0000000000000000                cy_bootloader
                0x0000000000002200                appl1_start = CY_APPL_ORIGIN?CY_APPL_ORIGIN:ALIGN (CY_FLASH_ROW_SIZE)
                0x0000000000011000                appl2_start = (appl1_start + ALIGN ((((LENGTH (rom) - appl1_start) - (0x2 * CY_FLASH_ROW_SIZE)) / 0x2), CY_FLASH_ROW_SIZE))
                0x0000000000002200                appl_start = (CY_APPL_NUM == 0x1)?appl1_start:appl2_start
                0x0000000000000000                cy_project_type_bootloader = (appl_start == 0x0)?0x1:0x0
                0x0000000000000000                cy_project_type_app_for_stack_and_copier = (CY_APP_FOR_STACK_AND_COPIER == 0x1)?0x1:0x0

.text           0x0000000000002200     0x5080
 CREATE_OBJECT_SYMBOLS
                0x0000000000002200                PROVIDE (__cy_interrupt_vector = RomVectors)
 *(.romvectors)
 .romvectors    0x0000000000002200       0x10 .pio\build\cubecell_node\libFrameworkArduino.a(Cm0plusStart.c.o)
                0x0000000000002200                RomVectors
                0x0000000000000001                ASSERT ((. != __cy_interrupt_vector), No interrupt vector)
                0x0000000000000001                ASSERT (CY_APPL_ORIGIN?(SIZEOF (.cybootloader) <= CY_APPL_ORIGIN):0x1, Wrong image location)
                0x0000000000002210                PROVIDE (__cy_reset = Reset)
 *(.text.Reset)
 .text.Reset    0x0000000000002210       0x18 .pio\build\cubecell_node\libFrameworkArduino.a(Cm0plusStart.c.o)
                0x0000000000002210                Reset
                0x0000000000000001                ASSERT ((. != __cy_reset), No reset code)
 *(.psocinit)
 .psocinit      0x0000000000002228      0x1b4 C:\Users\qitas\.platformio\packages\framework-arduinoasrmicro650x\cores\asr650x\projects\CubeCellLib.a(cyfitter_cfg.o)
                0x0000000000002228                cyfitter_cfg
                0x00000000000023dc                . = MAX (., 0x100)
 *(.text .text.* .gnu.linkonce.t.*)
 .text.__do_global_dtors_aux
                0x00000000000023dc       0x28 c:/users/qitas/.platformio/packages/toolchain-gccarmnoneeabi/bin/../lib/gcc/arm-none-eabi/9.2.1/thumb/v6-m/nofp/crtbegin.o
 .text.frame_dummy
                0x0000000000002404       0x20 c:/users/qitas/.platformio/packages/toolchain-gccarmnoneeabi/bin/../lib/gcc/arm-none-eabi/9.2.1/thumb/v6-m/nofp/crtbegin.o
 .text._Z5setupv
                0x0000000000002424       0x24 .pio\build\cubecell_node\src\ADC.ino.cpp.o
                0x0000000000002424                setup()
 .text._Z4loopv
                0x0000000000002448       0x44 .pio\build\cubecell_node\src\ADC.ino.cpp.o
                0x0000000000002448                loop()
 .text.getID    0x000000000000248c       0x18 C:\Users\qitas\.platformio\packages\framework-arduinoasrmicro650x\cores\asr650x\projects\CubeCellLib.a(ASR_Arduino.o)
                0x000000000000248c                getID
 .text.license_check
                0x00000000000024a4      0x268 C:\Users\qitas\.platformio\packages\framework-arduinoasrmicro650x\cores\asr650x\projects\CubeCellLib.a(ASR_Arduino.o)
                0x00000000000024a4                license_check
 .text.pinMode  0x000000000000270c       0x6c C:\Users\qitas\.platformio\packages\framework-arduinoasrmicro650x\cores\asr650x\projects\CubeCellLib.a(ASR_Arduino.o)
                0x000000000000270c                pinMode
 .text.digitalWrite
                0x0000000000002778       0x68 C:\Users\qitas\.platformio\packages\framework-arduinoasrmicro650x\cores\asr650x\projects\CubeCellLib.a(ASR_Arduino.o)
                0x0000000000002778                digitalWrite
 .text.digitalRead
                0x00000000000027e0       0x20 C:\Users\qitas\.platformio\packages\framework-arduinoasrmicro650x\cores\asr650x\projects\CubeCellLib.a(ASR_Arduino.o)
                0x00000000000027e0                digitalRead
 .text.ClearPinInterrupt
                0x0000000000002800       0x1c C:\Users\qitas\.platformio\packages\framework-arduinoasrmicro650x\cores\asr650x\projects\CubeCellLib.a(ASR_Arduino.o)
                0x0000000000002800                ClearPinInterrupt
 .text.detachInterrupt
                0x000000000000281c       0x70 C:\Users\qitas\.platformio\packages\framework-arduinoasrmicro650x\cores\asr650x\projects\CubeCellLib.a(ASR_Arduino.o)
                0x000000000000281c                detachInterrupt
 .text.analogRead
                0x000000000000288c       0x64 C:\Users\qitas\.platformio\packages\framework-arduinoasrmicro650x\cores\asr650x\projects\CubeCellLib.a(ASR_Arduino.o)
                0x000000000000288c                analogRead
 .text.delay    0x00000000000028f0        0x8 C:\Users\qitas\.platformio\packages\framework-arduinoasrmicro650x\cores\asr650x\projects\CubeCellLib.a(ASR_Arduino.o)
                0x00000000000028f0                delay
 .text.millis   0x00000000000028f8        0x8 C:\Users\qitas\.platformio\packages\framework-arduinoasrmicro650x\cores\asr650x\projects\CubeCellLib.a(ASR_Arduino.o)
                0x00000000000028f8                millis
 .text.SPI_BUSY_SetDriveMode
                0x0000000000002900        0x2 C:\Users\qitas\.platformio\packages\framework-arduinoasrmicro650x\cores\asr650x\projects\CubeCellLib.a(ASR_Arduino.o)
                0x0000000000002900                SPI_BUSY_SetDriveMode
 .text.SPI_NRESET_SetDriveMode
                0x0000000000002902        0x2 C:\Users\qitas\.platformio\packages\framework-arduinoasrmicro650x\cores\asr650x\projects\CubeCellLib.a(ASR_Arduino.o)
                0x0000000000002902                SPI_NRESET_SetDriveMode
 .text.antpow_SetDriveMode
                0x0000000000002904        0x2 C:\Users\qitas\.platformio\packages\framework-arduinoasrmicro650x\cores\asr650x\projects\CubeCellLib.a(ASR_Arduino.o)
                0x0000000000002904                antpow_SetDriveMode
 .text.SPI_1_miso_m_SetDriveMode
                0x0000000000002906        0x2 C:\Users\qitas\.platformio\packages\framework-arduinoasrmicro650x\cores\asr650x\projects\CubeCellLib.a(ASR_Arduino.o)
                0x0000000000002906                SPI_1_miso_m_SetDriveMode
 .text.SPI_1_mosi_m_SetDriveMode
                0x0000000000002908        0x2 C:\Users\qitas\.platformio\packages\framework-arduinoasrmicro650x\cores\asr650x\projects\CubeCellLib.a(ASR_Arduino.o)
                0x0000000000002908                SPI_1_mosi_m_SetDriveMode
 .text.SPI_1_sclk_m_SetDriveMode
                0x000000000000290a        0x2 C:\Users\qitas\.platformio\packages\framework-arduinoasrmicro650x\cores\asr650x\projects\CubeCellLib.a(ASR_Arduino.o)
                0x000000000000290a                SPI_1_sclk_m_SetDriveMode
 .text.TimeStampsUpdate
                0x000000000000290c       0x38 C:\Users\qitas\.platformio\packages\framework-arduinoasrmicro650x\cores\asr650x\projects\CubeCellLib.a(timeServer.o)
 .text.TimerSetTimeout
                0x0000000000002944       0x10 C:\Users\qitas\.platformio\packages\framework-arduinoasrmicro650x\cores\asr650x\projects\CubeCellLib.a(timeServer.o)
 .text.TimerIrqHandler
                0x0000000000002954       0x70 C:\Users\qitas\.platformio\packages\framework-arduinoasrmicro650x\cores\asr650x\projects\CubeCellLib.a(timeServer.o)
                0x0000000000002954                TimerIrqHandler
 .text.TimerGetCurrentTime
                0x00000000000029c4       0x10 C:\Users\qitas\.platformio\packages\framework-arduinoasrmicro650x\cores\asr650x\projects\CubeCellLib.a(timeServer.o)
                0x00000000000029c4                TimerGetCurrentTime
 .text.get_timer_context
                0x00000000000029d4        0xc C:\Users\qitas\.platformio\packages\framework-arduinoasrmicro650x\cores\asr650x\projects\CubeCellLib.a(lorawan_port.o)
 .text.set_timer_val
                0x00000000000029e0        0xc C:\Users\qitas\.platformio\packages\framework-arduinoasrmicro650x\cores\asr650x\projects\CubeCellLib.a(lorawan_port.o)
 .text.radio_rw_dis
                0x00000000000029ec        0x2 C:\Users\qitas\.platformio\packages\framework-arduinoasrmicro650x\cores\asr650x\projects\CubeCellLib.a(lorawan_port.o)
 .text.radio_rw
                0x00000000000029ee        0x4 C:\Users\qitas\.platformio\packages\framework-arduinoasrmicro650x\cores\asr650x\projects\CubeCellLib.a(lorawan_port.o)
 *fill*         0x00000000000029f2        0x2 
 .text.RTC_Update_ASR
                0x00000000000029f4       0x28 C:\Users\qitas\.platformio\packages\framework-arduinoasrmicro650x\cores\asr650x\projects\CubeCellLib.a(lorawan_port.o)
                0x00000000000029f4                RTC_Update_ASR
 .text.get_current_time
                0x0000000000002a1c       0x54 C:\Users\qitas\.platformio\packages\framework-arduinoasrmicro650x\cores\asr650x\projects\CubeCellLib.a(lorawan_port.o)
                0x0000000000002a1c                get_current_time
 .text.get_sys_time
                0x0000000000002a70       0x28 C:\Users\qitas\.platformio\packages\framework-arduinoasrmicro650x\cores\asr650x\projects\CubeCellLib.a(lorawan_port.o)
                0x0000000000002a70                get_sys_time
 .text.set_sys_time
                0x0000000000002a98       0x44 C:\Users\qitas\.platformio\packages\framework-arduinoasrmicro650x\cores\asr650x\projects\CubeCellLib.a(lorawan_port.o)
                0x0000000000002a98                set_sys_time
 .text.compute_elapsed_time
                0x0000000000002adc       0x10 C:\Users\qitas\.platformio\packages\framework-arduinoasrmicro650x\cores\asr650x\projects\CubeCellLib.a(lorawan_port.o)
 .text.get_timer_elapsed_time
                0x0000000000002aec       0x14 C:\Users\qitas\.platformio\packages\framework-arduinoasrmicro650x\cores\asr650x\projects\CubeCellLib.a(lorawan_port.o)
 .text.set_timer_context
                0x0000000000002b00       0x14 C:\Users\qitas\.platformio\packages\framework-arduinoasrmicro650x\cores\asr650x\projects\CubeCellLib.a(lorawan_port.o)
 .text.enter_sleep_mode
                0x0000000000002b14        0x8 C:\Users\qitas\.platformio\packages\framework-arduinoasrmicro650x\cores\asr650x\projects\CubeCellLib.a(lorawan_port.o)
 .text.set_alarm
                0x0000000000002b1c       0x20 C:\Users\qitas\.platformio\packages\framework-arduinoasrmicro650x\cores\asr650x\projects\CubeCellLib.a(lorawan_port.o)
 .text.set_timeout
                0x0000000000002b3c       0x2e C:\Users\qitas\.platformio\packages\framework-arduinoasrmicro650x\cores\asr650x\projects\CubeCellLib.a(lorawan_port.o)
 .text.AlarmBackHandler
                0x0000000000002b6a        0x8 C:\Users\qitas\.platformio\packages\framework-arduinoasrmicro650x\cores\asr650x\projects\CubeCellLib.a(lorawan_port.o)
 .text.stop_alarm
                0x0000000000002b72        0x8 C:\Users\qitas\.platformio\packages\framework-arduinoasrmicro650x\cores\asr650x\projects\CubeCellLib.a(lorawan_port.o)
 .text.delay_ms
                0x0000000000002b7a        0x8 C:\Users\qitas\.platformio\packages\framework-arduinoasrmicro650x\cores\asr650x\projects\CubeCellLib.a(lorawan_port.o)
 .text.get_mft_baud
                0x0000000000002b82        0x8 C:\Users\qitas\.platformio\packages\framework-arduinoasrmicro650x\cores\asr650x\projects\CubeCellLib.a(lorawan_port.o)
 .text.set_mft_baud
                0x0000000000002b8a        0x8 C:\Users\qitas\.platformio\packages\framework-arduinoasrmicro650x\cores\asr650x\projects\CubeCellLib.a(lorawan_port.o)
 .text.get_mft_sn
                0x0000000000002b92        0x8 C:\Users\qitas\.platformio\packages\framework-arduinoasrmicro650x\cores\asr650x\projects\CubeCellLib.a(lorawan_port.o)
 .text.get_mft_rev
                0x0000000000002b9a        0x8 C:\Users\qitas\.platformio\packages\framework-arduinoasrmicro650x\cores\asr650x\projects\CubeCellLib.a(lorawan_port.o)
 .text.get_mft_model
                0x0000000000002ba2        0x8 C:\Users\qitas\.platformio\packages\framework-arduinoasrmicro650x\cores\asr650x\projects\CubeCellLib.a(lorawan_port.o)
 .text.get_mft_id
                0x0000000000002baa        0x8 C:\Users\qitas\.platformio\packages\framework-arduinoasrmicro650x\cores\asr650x\projects\CubeCellLib.a(lorawan_port.o)
 .text.radio_rw_en
                0x0000000000002bb2        0x2 C:\Users\qitas\.platformio\packages\framework-arduinoasrmicro650x\cores\asr650x\projects\CubeCellLib.a(lorawan_port.o)
 .text.exit_stop_mode
                0x0000000000002bb4        0x2 C:\Users\qitas\.platformio\packages\framework-arduinoasrmicro650x\cores\asr650x\projects\CubeCellLib.a(lorawan_port.o)
 .text.set_uc_wakeup_time
                0x0000000000002bb6        0x2 C:\Users\qitas\.platformio\packages\framework-arduinoasrmicro650x\cores\asr650x\projects\CubeCellLib.a(lorawan_port.o)
 .text.radio_reset
                0x0000000000002bb8        0x2 C:\Users\qitas\.platformio\packages\framework-arduinoasrmicro650x\cores\asr650x\projects\CubeCellLib.a(lorawan_port.o)
 .text.radio_reset_cfg_input
                0x0000000000002bba        0x2 C:\Users\qitas\.platformio\packages\framework-arduinoasrmicro650x\cores\asr650x\projects\CubeCellLib.a(lorawan_port.o)
 .text.BackupGpioDriveMode
                0x0000000000002bbc      0x114 C:\Users\qitas\.platformio\packages\framework-arduinoasrmicro650x\cores\asr650x\projects\CubeCellLib.a(lorawan_port.o)
                0x0000000000002bbc                BackupGpioDriveMode
 .text.RestoreGpioDriveMode
                0x0000000000002cd0      0x118 C:\Users\qitas\.platformio\packages\framework-arduinoasrmicro650x\cores\asr650x\projects\CubeCellLib.a(lorawan_port.o)
                0x0000000000002cd0                RestoreGpioDriveMode
 .text.SetPinHIZ
                0x0000000000002de8       0x2e C:\Users\qitas\.platformio\packages\framework-arduinoasrmicro650x\cores\asr650x\projects\CubeCellLib.a(lorawan_port.o)
                0x0000000000002de8                SetPinHIZ
 .text.UartDeepsleep
                0x0000000000002e16       0x28 C:\Users\qitas\.platformio\packages\framework-arduinoasrmicro650x\cores\asr650x\projects\CubeCellLib.a(lorawan_port.o)
                0x0000000000002e16                UartDeepsleep
 *fill*         0x0000000000002e3e        0x2 
 .text.enter_stop_mode
                0x0000000000002e40       0x3c C:\Users\qitas\.platformio\packages\framework-arduinoasrmicro650x\cores\asr650x\projects\CubeCellLib.a(lorawan_port.o)
 .text.RtcInit  0x0000000000002e7c       0x3c C:\Users\qitas\.platformio\packages\framework-arduinoasrmicro650x\cores\asr650x\projects\CubeCellLib.a(lorawan_port.o)
                0x0000000000002e7c                RtcInit
 .text.Asr_Timer_RegisterAlarmCallback
                0x0000000000002eb8       0x10 C:\Users\qitas\.platformio\packages\framework-arduinoasrmicro650x\cores\asr650x\projects\CubeCellLib.a(asr_timer.o)
                0x0000000000002eb8                Asr_Timer_RegisterAlarmCallback
 .text.Asr_SetTimeout
                0x0000000000002ec8       0xc4 C:\Users\qitas\.platformio\packages\framework-arduinoasrmicro650x\cores\asr650x\projects\CubeCellLib.a(asr_timer.o)
                0x0000000000002ec8                Asr_SetTimeout
 .text.Asr_Timer_Init
                0x0000000000002f8c       0x68 C:\Users\qitas\.platformio\packages\framework-arduinoasrmicro650x\cores\asr650x\projects\CubeCellLib.a(asr_timer.o)
                0x0000000000002f8c                Asr_Timer_Init
 .text.Asr_Timer_Disable
                0x0000000000002ff4       0x18 C:\Users\qitas\.platformio\packages\framework-arduinoasrmicro650x\cores\asr650x\projects\CubeCellLib.a(asr_timer.o)
                0x0000000000002ff4                Asr_Timer_Disable
 .text.Timer0IsrCallback
                0x000000000000300c       0x1c C:\Users\qitas\.platformio\packages\framework-arduinoasrmicro650x\cores\asr650x\projects\CubeCellLib.a(asr_timer.o)
                0x000000000000300c                Timer0IsrCallback
 .text.Timer1IsrCallback
                0x0000000000003028       0x28 C:\Users\qitas\.platformio\packages\framework-arduinoasrmicro650x\cores\asr650x\projects\CubeCellLib.a(asr_timer.o)
                0x0000000000003028                Timer1IsrCallback
 .text.systemTimer
                0x0000000000003050       0x10 C:\Users\qitas\.platformio\packages\framework-arduinoasrmicro650x\cores\asr650x\projects\CubeCellLib.a(cyfitter_cfg.o)
                0x0000000000003050                systemTimer
 .text.SetAnalogRoutingPumps
                0x0000000000003060       0x1c C:\Users\qitas\.platformio\packages\framework-arduinoasrmicro650x\cores\asr650x\projects\CubeCellLib.a(cyfitter_cfg.o)
                0x0000000000003060                SetAnalogRoutingPumps
 .text._ZN6Stream9readBytesEPhj
                0x000000000000307c        0xa .pio\build\cubecell_node\libFrameworkArduino.a(HardwareSerial.cpp.o)
                0x000000000000307c                Stream::readBytes(unsigned char*, unsigned int)
 .text._ZN14HardwareSerial17availableForWriteEv
                0x0000000000003086        0x4 .pio\build\cubecell_node\libFrameworkArduino.a(HardwareSerial.cpp.o)
                0x0000000000003086                HardwareSerial::availableForWrite()
                0x0000000000003086                HardwareSerial::peek()
 .text._ZN14HardwareSerialD2Ev
                0x000000000000308a        0x2 .pio\build\cubecell_node\libFrameworkArduino.a(HardwareSerial.cpp.o)
                0x000000000000308a                HardwareSerial::~HardwareSerial()
                0x000000000000308a                HardwareSerial::~HardwareSerial()
 .text._ZN14HardwareSerial9availableEv
                0x000000000000308c       0x34 .pio\build\cubecell_node\libFrameworkArduino.a(HardwareSerial.cpp.o)
                0x000000000000308c                HardwareSerial::available()
 .text._ZN14HardwareSerial4readEv
                0x00000000000030c0       0x26 .pio\build\cubecell_node\libFrameworkArduino.a(HardwareSerial.cpp.o)
                0x00000000000030c0                HardwareSerial::read()
 .text._ZN14HardwareSerial5flushEv
                0x00000000000030e6       0x1c .pio\build\cubecell_node\libFrameworkArduino.a(HardwareSerial.cpp.o)
                0x00000000000030e6                HardwareSerial::flush()
 .text._ZN14HardwareSerial5writeEh
                0x0000000000003102       0x1a .pio\build\cubecell_node\libFrameworkArduino.a(HardwareSerial.cpp.o)
                0x0000000000003102                HardwareSerial::write(unsigned char)
 .text._ZN14HardwareSerial5writeEPKhj
                0x000000000000311c       0x28 .pio\build\cubecell_node\libFrameworkArduino.a(HardwareSerial.cpp.o)
                0x000000000000311c                HardwareSerial::write(unsigned char const*, unsigned int)
 .text._ZN14HardwareSerialD0Ev
                0x0000000000003144        0xe .pio\build\cubecell_node\libFrameworkArduino.a(HardwareSerial.cpp.o)
                0x0000000000003144                HardwareSerial::~HardwareSerial()
 *fill*         0x0000000000003152        0x2 
 .text._ZN14HardwareSerial5beginEmambm
                0x0000000000003154       0xb0 .pio\build\cubecell_node\libFrameworkArduino.a(HardwareSerial.cpp.o)
                0x0000000000003154                HardwareSerial::begin(unsigned long, signed char, unsigned long, bool, unsigned long)
 .text.startup._GLOBAL__sub_I_Serial
                0x0000000000003204       0x5c .pio\build\cubecell_node\libFrameworkArduino.a(HardwareSerial.cpp.o)
 .text.SX126xIoInit
                0x0000000000003260       0x44 .pio\build\cubecell_node\libFrameworkArduino.a(asr_board.c.o)
                0x0000000000003260                SX126xIoInit
 .text.SX126xReset
                0x00000000000032a4       0x50 .pio\build\cubecell_node\libFrameworkArduino.a(asr_board.c.o)
                0x00000000000032a4                SX126xReset
 .text.SX126xWaitOnBusy
                0x00000000000032f4       0x14 .pio\build\cubecell_node\libFrameworkArduino.a(asr_board.c.o)
                0x00000000000032f4                SX126xWaitOnBusy
 .text.SX126xWakeup
                0x0000000000003308       0x38 .pio\build\cubecell_node\libFrameworkArduino.a(asr_board.c.o)
                0x0000000000003308                SX126xWakeup
 .text.SX126xWriteCommand
                0x0000000000003340       0x50 .pio\build\cubecell_node\libFrameworkArduino.a(asr_board.c.o)
                0x0000000000003340                SX126xWriteCommand
 .text.SX126xAntSwOn
                0x0000000000003390        0x2 .pio\build\cubecell_node\libFrameworkArduino.a(asr_board.c.o)
                0x0000000000003390                SX126xAntSwOn
 .text.SX126xAntSwOff
                0x0000000000003392        0x2 .pio\build\cubecell_node\libFrameworkArduino.a(asr_board.c.o)
                0x0000000000003392                SX126xAntSwOff
 .text.boardInitMcu
                0x0000000000003394       0x48 .pio\build\cubecell_node\libFrameworkArduino.a(asr_board.c.o)
                0x0000000000003394                boardInitMcu
 .text.HW_Get_MFT_ID
                0x00000000000033dc        0x8 .pio\build\cubecell_node\libFrameworkArduino.a(asr_board.c.o)
                0x00000000000033dc                HW_Get_MFT_ID
 .text.HW_Get_MFT_Model
                0x00000000000033e4        0x8 .pio\build\cubecell_node\libFrameworkArduino.a(asr_board.c.o)
                0x00000000000033e4                HW_Get_MFT_Model
 .text.HW_Get_MFT_Rev
                0x00000000000033ec        0x8 .pio\build\cubecell_node\libFrameworkArduino.a(asr_board.c.o)
                0x00000000000033ec                HW_Get_MFT_Rev
 .text.HW_Get_MFT_SN
                0x00000000000033f4       0x24 .pio\build\cubecell_node\libFrameworkArduino.a(asr_board.c.o)
                0x00000000000033f4                HW_Get_MFT_SN
 .text.HW_Set_MFT_Baud
                0x0000000000003418       0x64 .pio\build\cubecell_node\libFrameworkArduino.a(asr_board.c.o)
                0x0000000000003418                HW_Set_MFT_Baud
 .text.HW_Get_MFT_Baud
                0x000000000000347c        0xc .pio\build\cubecell_node\libFrameworkArduino.a(asr_board.c.o)
                0x000000000000347c                HW_Get_MFT_Baud
 .text.GpioInit
                0x0000000000003488       0x12 .pio\build\cubecell_node\libFrameworkArduino.a(gpio.c.o)
                0x0000000000003488                GpioInit
 .text.GpioWrite
                0x000000000000349a        0x8 .pio\build\cubecell_node\libFrameworkArduino.a(gpio.c.o)
                0x000000000000349a                GpioWrite
 .text.GpioRead
                0x00000000000034a2        0x8 .pio\build\cubecell_node\libFrameworkArduino.a(gpio.c.o)
                0x00000000000034a2                GpioRead
 .text.SpiInit  0x00000000000034aa        0x8 .pio\build\cubecell_node\libFrameworkArduino.a(spi-board.c.o)
                0x00000000000034aa                SpiInit
 *fill*         0x00000000000034b2        0x2 
 .text.SpiInOut
                0x00000000000034b4       0x34 .pio\build\cubecell_node\libFrameworkArduino.a(spi-board.c.o)
                0x00000000000034b4                SpiInOut
 .text.ADC_SAR_Seq_Init
                0x00000000000034e8       0xd8 .pio\build\cubecell_node\libFrameworkArduino.a(ADC_SAR_Seq.c.o)
                0x00000000000034e8                ADC_SAR_Seq_Init
 .text.ADC_SAR_Seq_Enable
                0x00000000000035c0       0x2c .pio\build\cubecell_node\libFrameworkArduino.a(ADC_SAR_Seq.c.o)
                0x00000000000035c0                ADC_SAR_Seq_Enable
 .text.ADC_SAR_Seq_Start
                0x00000000000035ec       0x1c .pio\build\cubecell_node\libFrameworkArduino.a(ADC_SAR_Seq.c.o)
                0x00000000000035ec                ADC_SAR_Seq_Start
 .text.ADC_SAR_Seq_Stop
                0x0000000000003608       0x10 .pio\build\cubecell_node\libFrameworkArduino.a(ADC_SAR_Seq.c.o)
                0x0000000000003608                ADC_SAR_Seq_Stop
 .text.ADC_SAR_Seq_StartConvert
                0x0000000000003618        0xc .pio\build\cubecell_node\libFrameworkArduino.a(ADC_SAR_Seq.c.o)
                0x0000000000003618                ADC_SAR_Seq_StartConvert
 .text.ADC_SAR_Seq_StopConvert
                0x0000000000003624        0x2 .pio\build\cubecell_node\libFrameworkArduino.a(ADC_SAR_Seq.c.o)
                0x0000000000003624                ADC_SAR_Seq_StopConvert
 *fill*         0x0000000000003626        0x2 
 .text.ADC_SAR_Seq_IsEndConversion
                0x0000000000003628       0x2c .pio\build\cubecell_node\libFrameworkArduino.a(ADC_SAR_Seq.c.o)
                0x0000000000003628                ADC_SAR_Seq_IsEndConversion
 .text.ADC_SAR_Seq_GetResult16
                0x0000000000003654       0x20 .pio\build\cubecell_node\libFrameworkArduino.a(ADC_SAR_Seq.c.o)
                0x0000000000003654                ADC_SAR_Seq_GetResult16
 .text.ADC_SAR_Seq_CountsTo_mVolts
                0x0000000000003674       0x50 .pio\build\cubecell_node\libFrameworkArduino.a(ADC_SAR_Seq.c.o)
                0x0000000000003674                ADC_SAR_Seq_CountsTo_mVolts
 .text.ADC_SAR_Seq_ISR
                0x00000000000036c4        0xc .pio\build\cubecell_node\libFrameworkArduino.a(ADC_SAR_Seq_INT.c.o)
                0x00000000000036c4                ADC_SAR_Seq_ISR
 .text.PWM1_Stop
                0x00000000000036d0       0x34 .pio\build\cubecell_node\libFrameworkArduino.a(PWM1.c.o)
                0x00000000000036d0                PWM1_Stop
 .text.PWM2_Stop
                0x0000000000003704       0x34 .pio\build\cubecell_node\libFrameworkArduino.a(PWM2.c.o)
                0x0000000000003704                PWM2_Stop
 .text._ZN5Print5writeEPKc
                0x0000000000003738       0x1c .pio\build\cubecell_node\libFrameworkArduino.a(Print.cpp.o)
                0x0000000000003738                Print::write(char const*)
 .text._ZN5Print5printEPKc
                0x0000000000003754        0x8 .pio\build\cubecell_node\libFrameworkArduino.a(Print.cpp.o)
                0x0000000000003754                Print::print(char const*)
 .text._ZN5Print5printEc
                0x000000000000375c        0xa .pio\build\cubecell_node\libFrameworkArduino.a(Print.cpp.o)
                0x000000000000375c                Print::print(char)
 *fill*         0x0000000000003766        0x2 
 .text._ZN5Print7printlnEv
                0x0000000000003768       0x10 .pio\build\cubecell_node\libFrameworkArduino.a(Print.cpp.o)
                0x0000000000003768                Print::println()
 .text._ZN5Print11printNumberEmh
                0x0000000000003778       0x4e .pio\build\cubecell_node\libFrameworkArduino.a(Print.cpp.o)
                0x0000000000003778                Print::printNumber(unsigned long, unsigned char)
 .text._ZN5Print5printEli
                0x00000000000037c6       0x3e .pio\build\cubecell_node\libFrameworkArduino.a(Print.cpp.o)
                0x00000000000037c6                Print::print(long, int)
 .text._ZN5Print7printlnEii
                0x0000000000003804       0x14 .pio\build\cubecell_node\libFrameworkArduino.a(Print.cpp.o)
                0x0000000000003804                Print::println(int, int)
 .text._ZN5Print5printEmi
                0x0000000000003818       0x18 .pio\build\cubecell_node\libFrameworkArduino.a(Print.cpp.o)
                0x0000000000003818                Print::print(unsigned long, int)
 .text._ZN6Stream9timedReadEv
                0x0000000000003830       0x2a .pio\build\cubecell_node\libFrameworkArduino.a(Stream.cpp.o)
                0x0000000000003830                Stream::timedRead()
 .text._ZN6Stream9readBytesEPcj
                0x000000000000385a       0x22 .pio\build\cubecell_node\libFrameworkArduino.a(Stream.cpp.o)
                0x000000000000385a                Stream::readBytes(char*, unsigned int)
 .text._ZN6Stream10readStringEv
                0x000000000000387c       0x28 .pio\build\cubecell_node\libFrameworkArduino.a(Stream.cpp.o)
                0x000000000000387c                Stream::readString()
 .text._ZN6String10invalidateEv
                0x00000000000038a4       0x18 .pio\build\cubecell_node\libFrameworkArduino.a(WString.cpp.o)
                0x00000000000038a4                String::invalidate()
 .text._ZN6String12changeBufferEj
                0x00000000000038bc       0x3a .pio\build\cubecell_node\libFrameworkArduino.a(WString.cpp.o)
                0x00000000000038bc                String::changeBuffer(unsigned int)
 .text._ZN6String7reserveEj
                0x00000000000038f6       0x2a .pio\build\cubecell_node\libFrameworkArduino.a(WString.cpp.o)
                0x00000000000038f6                String::reserve(unsigned int)
 .text._ZN6String4copyEPKcj
                0x0000000000003920       0x28 .pio\build\cubecell_node\libFrameworkArduino.a(WString.cpp.o)
                0x0000000000003920                String::copy(char const*, unsigned int)
 .text._ZN6StringC2EPKc
                0x0000000000003948       0x26 .pio\build\cubecell_node\libFrameworkArduino.a(WString.cpp.o)
                0x0000000000003948                String::String(char const*)
                0x0000000000003948                String::String(char const*)
 .text._ZN6String6concatEPKcj
                0x000000000000396e       0x32 .pio\build\cubecell_node\libFrameworkArduino.a(WString.cpp.o)
                0x000000000000396e                String::concat(char const*, unsigned int)
 .text._ZN6String6concatEc
                0x00000000000039a0       0x16 .pio\build\cubecell_node\libFrameworkArduino.a(WString.cpp.o)
                0x00000000000039a0                String::concat(char)
 *fill*         0x00000000000039b6        0x2 
 .text.global_irq_Disable
                0x00000000000039b8        0xc .pio\build\cubecell_node\libFrameworkArduino.a(irq.c.o)
                0x00000000000039b8                global_irq_Disable
 .text.RadioSleep
                0x00000000000039c4       0x10 .pio\build\cubecell_node\libFrameworkArduino.a(radio.c.o)
                0x00000000000039c4                RadioSleep
 .text.SX126xCheckDeviceReady
                0x00000000000039d4       0x24 .pio\build\cubecell_node\libFrameworkArduino.a(sx126x.c.o)
                0x00000000000039d4                SX126xCheckDeviceReady
 .text.SX126xSetSleep
                0x00000000000039f8       0x20 .pio\build\cubecell_node\libFrameworkArduino.a(sx126x.c.o)
                0x00000000000039f8                SX126xSetSleep
 .text.DelayMs  0x0000000000003a18       0x10 .pio\build\cubecell_node\libFrameworkArduino.a(delay.c.o)
                0x0000000000003a18                DelayMs
 .text.startup.main
                0x0000000000003a28       0x10 .pio\build\cubecell_node\libFrameworkArduino.a(main.cpp.o)
                0x0000000000003a28                main
 .text.printchar
                0x0000000000003a38       0x26 .pio\build\cubecell_node\libFrameworkArduino.a(printf.c.o)
 .text.prints   0x0000000000003a5e       0x8e .pio\build\cubecell_node\libFrameworkArduino.a(printf.c.o)
 .text.printi   0x0000000000003aec       0xfc .pio\build\cubecell_node\libFrameworkArduino.a(printf.c.o)
 .text.tiny_print
                0x0000000000003be8      0x1d8 .pio\build\cubecell_node\libFrameworkArduino.a(printf.c.o)
 .text.__wrap_sprintf
                0x0000000000003dc0       0x1c .pio\build\cubecell_node\libFrameworkArduino.a(printf.c.o)
                0x0000000000003dc0                __wrap_sprintf
 .text.uart_pre_deepsleep
                0x0000000000003ddc       0x78 .pio\build\cubecell_node\libFrameworkArduino.a(uart_port.c.o)
                0x0000000000003ddc                uart_pre_deepsleep
 .text.IntDefaultHandler
                0x0000000000003e54       0x10 .pio\build\cubecell_node\libFrameworkArduino.a(Cm0plusStart.c.o)
                0x0000000000003e54                IntDefaultHandler
 .text._sbrk    0x0000000000003e64       0x30 .pio\build\cubecell_node\libFrameworkArduino.a(Cm0plusStart.c.o)
                0x0000000000003e64                _sbrk
 .text.Start_c  0x0000000000003e94       0x48 .pio\build\cubecell_node\libFrameworkArduino.a(Cm0plusStart.c.o)
                0x0000000000003e94                Start_c
 .text.startup.initialize_psoc
                0x0000000000003edc       0x48 .pio\build\cubecell_node\libFrameworkArduino.a(Cm0plusStart.c.o)
                0x0000000000003edc                initialize_psoc
 *fill*         0x0000000000003f24        0x4 
 .text          0x0000000000003f28       0x20 .pio\build\cubecell_node\libFrameworkArduino.a(CyBootAsmGnu.S.o)
                0x0000000000003f28                CyDelayCycles
                0x0000000000003f3a                CyEnterCriticalSection
                0x0000000000003f42                CyExitCriticalSection
 .text.CySysFlashSetWaitCycles
                0x0000000000003f48       0x54 .pio\build\cubecell_node\libFrameworkArduino.a(CyFlash.c.o)
                0x0000000000003f48                CySysFlashSetWaitCycles
 .text.CySysClkWcoSetHighPowerMode
                0x0000000000003f9c       0x38 .pio\build\cubecell_node\libFrameworkArduino.a(CyLFClk.c.o)
 .text.CySysClkWcoStart
                0x0000000000003fd4       0x18 .pio\build\cubecell_node\libFrameworkArduino.a(CyLFClk.c.o)
                0x0000000000003fd4                CySysClkWcoStart
 .text.CySysClkWcoEnabled
                0x0000000000003fec        0xc .pio\build\cubecell_node\libFrameworkArduino.a(CyLFClk.c.o)
                0x0000000000003fec                CySysClkWcoEnabled
 .text.CySysWdtDisable
                0x0000000000003ff8       0x10 .pio\build\cubecell_node\libFrameworkArduino.a(CyLFClk.c.o)
                0x0000000000003ff8                CySysWdtDisable
 .text.CySysClkSetTimerSource
                0x0000000000004008       0x60 .pio\build\cubecell_node\libFrameworkArduino.a(CyLFClk.c.o)
                0x0000000000004008                CySysClkSetTimerSource
 .text.CySysTimerGetEnabledStatus
                0x0000000000004068       0x24 .pio\build\cubecell_node\libFrameworkArduino.a(CyLFClk.c.o)
                0x0000000000004068                CySysTimerGetEnabledStatus
 .text.CySysTimerSetMode
                0x000000000000408c       0x40 .pio\build\cubecell_node\libFrameworkArduino.a(CyLFClk.c.o)
                0x000000000000408c                CySysTimerSetMode
 .text.CySysTimerSetClearOnMatch
                0x00000000000040cc       0x34 .pio\build\cubecell_node\libFrameworkArduino.a(CyLFClk.c.o)
                0x00000000000040cc                CySysTimerSetClearOnMatch
 .text.CySysTimerEnable
                0x0000000000004100       0x38 .pio\build\cubecell_node\libFrameworkArduino.a(CyLFClk.c.o)
                0x0000000000004100                CySysTimerEnable
 .text.CySysTimerDisable
                0x0000000000004138       0x38 .pio\build\cubecell_node\libFrameworkArduino.a(CyLFClk.c.o)
                0x0000000000004138                CySysTimerDisable
 .text.CySysTimerSetCascade
                0x0000000000004170       0x34 .pio\build\cubecell_node\libFrameworkArduino.a(CyLFClk.c.o)
                0x0000000000004170                CySysTimerSetCascade
 .text.CySysTimerSetMatch
                0x00000000000041a4       0x50 .pio\build\cubecell_node\libFrameworkArduino.a(CyLFClk.c.o)
                0x00000000000041a4                CySysTimerSetMatch
 .text.CySysTimerSetToggleBit
                0x00000000000041f4       0x2c .pio\build\cubecell_node\libFrameworkArduino.a(CyLFClk.c.o)
                0x00000000000041f4                CySysTimerSetToggleBit
 .text.CySysTimerGetCount
                0x0000000000004220       0x38 .pio\build\cubecell_node\libFrameworkArduino.a(CyLFClk.c.o)
                0x0000000000004220                CySysTimerGetCount
 .text.CySysTimerClearInterrupt
                0x0000000000004258       0x2c .pio\build\cubecell_node\libFrameworkArduino.a(CyLFClk.c.o)
                0x0000000000004258                CySysTimerClearInterrupt
 .text.CySysTimerSetInterruptCallback
                0x0000000000004284       0x24 .pio\build\cubecell_node\libFrameworkArduino.a(CyLFClk.c.o)
                0x0000000000004284                CySysTimerSetInterruptCallback
 .text.CySysTimerEnableIsr
                0x00000000000042a8       0x34 .pio\build\cubecell_node\libFrameworkArduino.a(CyLFClk.c.o)
                0x00000000000042a8                CySysTimerEnableIsr
 .text.CySysTimerDisableIsr
                0x00000000000042dc       0x28 .pio\build\cubecell_node\libFrameworkArduino.a(CyLFClk.c.o)
                0x00000000000042dc                CySysTimerDisableIsr
 .text.CySysTimerIsr
                0x0000000000004304       0xa0 .pio\build\cubecell_node\libFrameworkArduino.a(CyLFClk.c.o)
                0x0000000000004304                CySysTimerIsr
 .text.CySysTimerResetCounters
                0x00000000000043a4       0x1c .pio\build\cubecell_node\libFrameworkArduino.a(CyLFClk.c.o)
                0x00000000000043a4                CySysTimerResetCounters
 .text.CySysClkImoDisableWcoLock
                0x00000000000043c0       0x14 .pio\build\cubecell_node\libFrameworkArduino.a(CyLib.c.o)
                0x00000000000043c0                CySysClkImoDisableWcoLock
 .text.CySysClkImoGetWcoLock
                0x00000000000043d4       0x10 .pio\build\cubecell_node\libFrameworkArduino.a(CyLib.c.o)
                0x00000000000043d4                CySysClkImoGetWcoLock
 .text.CySysClkWriteHfclkDirect
                0x00000000000043e4       0x74 .pio\build\cubecell_node\libFrameworkArduino.a(CyLib.c.o)
                0x00000000000043e4                CySysClkWriteHfclkDirect
 .text.CyIntSetVector
                0x0000000000004458       0x18 .pio\build\cubecell_node\libFrameworkArduino.a(CyLib.c.o)
                0x0000000000004458                CyIntSetVector
 .text.CyIntSetPriority
                0x0000000000004470       0x40 .pio\build\cubecell_node\libFrameworkArduino.a(CyLib.c.o)
                0x0000000000004470                CyIntSetPriority
 .text.CyIntEnable
                0x00000000000044b0       0x14 .pio\build\cubecell_node\libFrameworkArduino.a(CyLib.c.o)
                0x00000000000044b0                CyIntEnable
 .text.CyIntDisable
                0x00000000000044c4       0x14 .pio\build\cubecell_node\libFrameworkArduino.a(CyLib.c.o)
                0x00000000000044c4                CyIntDisable
 .text.CyIntClearPending
                0x00000000000044d8       0x14 .pio\build\cubecell_node\libFrameworkArduino.a(CyLib.c.o)
                0x00000000000044d8                CyIntClearPending
 .text.CyHalt   0x00000000000044ec        0x4 .pio\build\cubecell_node\libFrameworkArduino.a(CyLib.c.o)
                0x00000000000044ec                CyHalt
 .text.CyDelay  0x00000000000044f0       0x2c .pio\build\cubecell_node\libFrameworkArduino.a(CyLib.c.o)
                0x00000000000044f0                CyDelay
 .text.CySysClkImoEnableWcoLock
                0x000000000000451c       0xbc .pio\build\cubecell_node\libFrameworkArduino.a(CyLib.c.o)
                0x000000000000451c                CySysClkImoEnableWcoLock
 .text.CySysClkWriteImoFreq
                0x00000000000045d8       0xb8 .pio\build\cubecell_node\libFrameworkArduino.a(CyLib.c.o)
                0x00000000000045d8                CySysClkWriteImoFreq
 .text.CyDelayUs
                0x0000000000004690       0x14 .pio\build\cubecell_node\libFrameworkArduino.a(CyLib.c.o)
                0x0000000000004690                CyDelayUs
 .text.CySysTickInit
                0x00000000000046a4       0x54 .pio\build\cubecell_node\libFrameworkArduino.a(CyLib.c.o)
                0x00000000000046a4                CySysTickInit
 .text.CySysTickStop
                0x00000000000046f8       0x10 .pio\build\cubecell_node\libFrameworkArduino.a(CyLib.c.o)
                0x00000000000046f8                CySysTickStop
 .text.CySysTickEnableInterrupt
                0x0000000000004708       0x10 .pio\build\cubecell_node\libFrameworkArduino.a(CyLib.c.o)
                0x0000000000004708                CySysTickEnableInterrupt
 .text.CySysTickEnable
                0x0000000000004718       0x18 .pio\build\cubecell_node\libFrameworkArduino.a(CyLib.c.o)
                0x0000000000004718                CySysTickEnable
 .text.CySysTickStart
                0x0000000000004730       0x1c .pio\build\cubecell_node\libFrameworkArduino.a(CyLib.c.o)
                0x0000000000004730                CySysTickStart
 .text.CySysTickDisableInterrupt
                0x000000000000474c       0x10 .pio\build\cubecell_node\libFrameworkArduino.a(CyLib.c.o)
                0x000000000000474c                CySysTickDisableInterrupt
 .text.CySysTickGetCountFlag
                0x000000000000475c       0x10 .pio\build\cubecell_node\libFrameworkArduino.a(CyLib.c.o)
                0x000000000000475c                CySysTickGetCountFlag
 .text.CySysTickServiceCallbacks
                0x000000000000476c       0x24 .pio\build\cubecell_node\libFrameworkArduino.a(CyLib.c.o)
 .text.CySysTickSetCallback
                0x0000000000004790       0x10 .pio\build\cubecell_node\libFrameworkArduino.a(CyLib.c.o)
                0x0000000000004790                CySysTickSetCallback
 .text.CyGetUniqueId
                0x00000000000047a0       0x70 .pio\build\cubecell_node\libFrameworkArduino.a(CyLib.c.o)
                0x00000000000047a0                CyGetUniqueId
 .text.SPI_1_Enable
                0x0000000000004810       0x18 .pio\build\cubecell_node\libFrameworkArduino.a(SPI_1.c.o)
                0x0000000000004810                SPI_1_Enable
 .text.SPI_1_Start
                0x0000000000004828       0x1c .pio\build\cubecell_node\libFrameworkArduino.a(SPI_1.c.o)
                0x0000000000004828                SPI_1_Start
 .text.SPI_1_Stop
                0x0000000000004844       0x20 .pio\build\cubecell_node\libFrameworkArduino.a(SPI_1.c.o)
                0x0000000000004844                SPI_1_Stop
 .text.SPI_1_Sleep
                0x0000000000004864       0x20 .pio\build\cubecell_node\libFrameworkArduino.a(SPI_1_PM.c.o)
                0x0000000000004864                SPI_1_Sleep
 .text.SPI_1_Wakeup
                0x0000000000004884       0x14 .pio\build\cubecell_node\libFrameworkArduino.a(SPI_1_PM.c.o)
                0x0000000000004884                SPI_1_Wakeup
 .text.SPI_1_SpiPostEnable
                0x0000000000004898       0x14 .pio\build\cubecell_node\libFrameworkArduino.a(SPI_1_SPI.c.o)
                0x0000000000004898                SPI_1_SpiPostEnable
 .text.SPI_1_SpiStop
                0x00000000000048ac       0x18 .pio\build\cubecell_node\libFrameworkArduino.a(SPI_1_SPI.c.o)
                0x00000000000048ac                SPI_1_SpiStop
 .text.SPI_1_SpiSetActiveSlaveSelect
                0x00000000000048c4       0x20 .pio\build\cubecell_node\libFrameworkArduino.a(SPI_1_SPI.c.o)
                0x00000000000048c4                SPI_1_SpiSetActiveSlaveSelect
 .text.SPI_1_SpiInit
                0x00000000000048e4       0x88 .pio\build\cubecell_node\libFrameworkArduino.a(SPI_1_SPI.c.o)
                0x00000000000048e4                SPI_1_SpiInit
 .text.SPI_1_SpiUartReadRxData
                0x000000000000496c        0xc .pio\build\cubecell_node\libFrameworkArduino.a(SPI_1_SPI_UART.c.o)
                0x000000000000496c                SPI_1_SpiUartReadRxData
 .text.SPI_1_SpiUartGetRxBufferSize
                0x0000000000004978       0x10 .pio\build\cubecell_node\libFrameworkArduino.a(SPI_1_SPI_UART.c.o)
                0x0000000000004978                SPI_1_SpiUartGetRxBufferSize
 .text.SPI_1_SpiUartWriteTxData
                0x0000000000004988       0x1c .pio\build\cubecell_node\libFrameworkArduino.a(SPI_1_SPI_UART.c.o)
                0x0000000000004988                SPI_1_SpiUartWriteTxData
 .text.SPI_1_SpiUartGetTxBufferSize
                0x00000000000049a4       0x10 .pio\build\cubecell_node\libFrameworkArduino.a(SPI_1_SPI_UART.c.o)
                0x00000000000049a4                SPI_1_SpiUartGetTxBufferSize
 .text.UART_1_Sleep
                0x00000000000049b4        0x8 .pio\build\cubecell_node\libFrameworkArduino.a(UART_1_PM.c.o)
                0x00000000000049b4                UART_1_Sleep
 .text.UART_1_Wakeup
                0x00000000000049bc        0x8 .pio\build\cubecell_node\libFrameworkArduino.a(UART_1_PM.c.o)
                0x00000000000049bc                UART_1_Wakeup
 .text.UART_1_SpiUartReadRxData
                0x00000000000049c4        0xc .pio\build\cubecell_node\libFrameworkArduino.a(UART_1_SPI_UART.c.o)
                0x00000000000049c4                UART_1_SpiUartReadRxData
 .text.UART_1_SpiUartGetRxBufferSize
                0x00000000000049d0       0x10 .pio\build\cubecell_node\libFrameworkArduino.a(UART_1_SPI_UART.c.o)
                0x00000000000049d0                UART_1_SpiUartGetRxBufferSize
 .text.UART_1_SpiUartClearRxBuffer
                0x00000000000049e0       0x20 .pio\build\cubecell_node\libFrameworkArduino.a(UART_1_SPI_UART.c.o)
                0x00000000000049e0                UART_1_SpiUartClearRxBuffer
 .text.UART_1_SpiUartWriteTxData
                0x0000000000004a00       0x1c .pio\build\cubecell_node\libFrameworkArduino.a(UART_1_SPI_UART.c.o)
                0x0000000000004a00                UART_1_SpiUartWriteTxData
 .text.UART_1_SpiUartGetTxBufferSize
                0x0000000000004a1c       0x10 .pio\build\cubecell_node\libFrameworkArduino.a(UART_1_SPI_UART.c.o)
                0x0000000000004a1c                UART_1_SpiUartGetTxBufferSize
 .text.UART_1_SpiUartClearTxBuffer
                0x0000000000004a2c       0x20 .pio\build\cubecell_node\libFrameworkArduino.a(UART_1_SPI_UART.c.o)
                0x0000000000004a2c                UART_1_SpiUartClearTxBuffer
 .text.UART_1_UART_WAKEUP_ISR
                0x0000000000004a4c        0x8 .pio\build\cubecell_node\libFrameworkArduino.a(UART_1_UART.c.o)
                0x0000000000004a4c                UART_1_UART_WAKEUP_ISR
 .text.UART_1_UartInit
                0x0000000000004a54       0xdc .pio\build\cubecell_node\libFrameworkArduino.a(UART_1_UART.c.o)
                0x0000000000004a54                UART_1_UartInit
 .text.UART_1_UartPostEnable
                0x0000000000004b30       0x28 .pio\build\cubecell_node\libFrameworkArduino.a(UART_1_UART.c.o)
                0x0000000000004b30                UART_1_UartPostEnable
 .text.UART_1_UartGetByte
                0x0000000000004b58       0x34 .pio\build\cubecell_node\libFrameworkArduino.a(UART_1_UART.c.o)
                0x0000000000004b58                UART_1_UartGetByte
 .text.UART_1_UartSaveConfig
                0x0000000000004b8c       0x3c .pio\build\cubecell_node\libFrameworkArduino.a(UART_1_UART.c.o)
                0x0000000000004b8c                UART_1_UartSaveConfig
 .text.UART_1_UartRestoreConfig
                0x0000000000004bc8        0xa .pio\build\cubecell_node\libFrameworkArduino.a(UART_1_UART.c.o)
                0x0000000000004bc8                UART_1_UartRestoreConfig
 *fill*         0x0000000000004bd2        0x2 
 .text.UART_1_rx_wake_ClearInterrupt
                0x0000000000004bd4       0x10 .pio\build\cubecell_node\libFrameworkArduino.a(UART_1_rx_wake.c.o)
                0x0000000000004bd4                UART_1_rx_wake_ClearInterrupt
 .text.UART_1_tx_SetDriveMode
                0x0000000000004be4       0x14 .pio\build\cubecell_node\libFrameworkArduino.a(UART_1_tx.c.o)
                0x0000000000004be4                UART_1_tx_SetDriveMode
 .text.UART_2_SpiUartReadRxData
                0x0000000000004bf8        0xc .pio\build\cubecell_node\libFrameworkArduino.a(UART_2_SPI_UART.c.o)
                0x0000000000004bf8                UART_2_SpiUartReadRxData
 .text.UART_2_SpiUartGetRxBufferSize
                0x0000000000004c04       0x10 .pio\build\cubecell_node\libFrameworkArduino.a(UART_2_SPI_UART.c.o)
                0x0000000000004c04                UART_2_SpiUartGetRxBufferSize
 .text.UART_2_SpiUartClearRxBuffer
                0x0000000000004c14       0x20 .pio\build\cubecell_node\libFrameworkArduino.a(UART_2_SPI_UART.c.o)
                0x0000000000004c14                UART_2_SpiUartClearRxBuffer
 .text.UART_2_SpiUartWriteTxData
                0x0000000000004c34       0x1c .pio\build\cubecell_node\libFrameworkArduino.a(UART_2_SPI_UART.c.o)
                0x0000000000004c34                UART_2_SpiUartWriteTxData
 .text.UART_2_SpiUartClearTxBuffer
                0x0000000000004c50       0x20 .pio\build\cubecell_node\libFrameworkArduino.a(UART_2_SPI_UART.c.o)
                0x0000000000004c50                UART_2_SpiUartClearTxBuffer
 .text.UART_2_UartInit
                0x0000000000004c70       0xc0 .pio\build\cubecell_node\libFrameworkArduino.a(UART_2_UART.c.o)
                0x0000000000004c70                UART_2_UartInit
 .text.UART_2_UartPostEnable
                0x0000000000004d30       0x14 .pio\build\cubecell_node\libFrameworkArduino.a(UART_2_UART.c.o)
                0x0000000000004d30                UART_2_UartPostEnable
 .text.UART_2_UartGetByte
                0x0000000000004d44       0x34 .pio\build\cubecell_node\libFrameworkArduino.a(UART_2_UART.c.o)
                0x0000000000004d44                UART_2_UartGetByte
 .text.CySysPmSleep
                0x0000000000004d78       0x1c .pio\build\cubecell_node\libFrameworkArduino.a(cyPm.c.o)
                0x0000000000004d78                CySysPmSleep
 .text.CySysPmDeepSleep
                0x0000000000004d94       0x60 .pio\build\cubecell_node\libFrameworkArduino.a(cyPm.c.o)
                0x0000000000004d94                CySysPmDeepSleep
 .text.GpioMcuWrite
                0x0000000000004df4       0x14 .pio\build\cubecell_node\libFrameworkArduino.a(gpio-board.c.o)
                0x0000000000004df4                GpioMcuWrite
 .text.GpioMcuInit
                0x0000000000004e08       0x1e .pio\build\cubecell_node\libFrameworkArduino.a(gpio-board.c.o)
                0x0000000000004e08                GpioMcuInit
 .text.GpioMcuRead
                0x0000000000004e26       0x14 .pio\build\cubecell_node\libFrameworkArduino.a(gpio-board.c.o)
                0x0000000000004e26                GpioMcuRead
 *fill*         0x0000000000004e3a        0x2 
 .text.UART_1_SPI_UART_ISR
                0x0000000000004e3c       0x14 .pio\build\cubecell_node\libFrameworkArduino.a(UART_1_SPI_UART_INT.c.o)
                0x0000000000004e3c                UART_1_SPI_UART_ISR
 .text.UART_2_SPI_UART_ISR
                0x0000000000004e50       0x14 .pio\build\cubecell_node\libFrameworkArduino.a(UART_2_SPI_UART_INT.c.o)
                0x0000000000004e50                UART_2_SPI_UART_ISR
 .text.__aeabi_atexit
                0x0000000000004e64        0xe c:/users/qitas/.platformio/packages/toolchain-gccarmnoneeabi/bin/../lib/gcc/arm-none-eabi/9.2.1/../../../../arm-none-eabi/lib/thumb/v6-m/nofp\libstdc++_nano.a(atexit_arm.o)
                0x0000000000004e64                __aeabi_atexit
 .text._ZdlPvj  0x0000000000004e72        0x8 c:/users/qitas/.platformio/packages/toolchain-gccarmnoneeabi/bin/../lib/gcc/arm-none-eabi/9.2.1/../../../../arm-none-eabi/lib/thumb/v6-m/nofp\libstdc++_nano.a(del_ops.o)
                0x0000000000004e72                operator delete(void*, unsigned int)
 .text._ZdlPv   0x0000000000004e7a        0x8 c:/users/qitas/.platformio/packages/toolchain-gccarmnoneeabi/bin/../lib/gcc/arm-none-eabi/9.2.1/../../../../arm-none-eabi/lib/thumb/v6-m/nofp\libstdc++_nano.a(del_op.o)
                0x0000000000004e7a                operator delete(void*)
 *fill*         0x0000000000004e82        0x2 
 .text.UART_2_Enable
                0x0000000000004e84       0x20 C:\Users\qitas\.platformio\packages\framework-arduinoasrmicro650x\cores\asr650x\projects\CubeCellLib.a(UART_2.o)
                0x0000000000004e84                UART_2_Enable
 .text.UART_2_Start
                0x0000000000004ea4       0x64 C:\Users\qitas\.platformio\packages\framework-arduinoasrmicro650x\cores\asr650x\projects\CubeCellLib.a(UART_2.o)
                0x0000000000004ea4                UART_2_Start
 .text.UART_1_Enable
                0x0000000000004f08       0x20 C:\Users\qitas\.platformio\packages\framework-arduinoasrmicro650x\cores\asr650x\projects\CubeCellLib.a(UART_1.o)
                0x0000000000004f08                UART_1_Enable
 .text.UART_1_Start
                0x0000000000004f28       0x54 C:\Users\qitas\.platformio\packages\framework-arduinoasrmicro650x\cores\asr650x\projects\CubeCellLib.a(UART_1.o)
                0x0000000000004f28                UART_1_Start
 .text.UART_1_SCB_IRQ_Stop
                0x0000000000004f7c       0x1c .pio\build\cubecell_node\libFrameworkArduino.a(UART_1_SCB_IRQ.c.o)
                0x0000000000004f7c                UART_1_SCB_IRQ_Stop
 .text.UART_2_SCB_IRQ_Stop
                0x0000000000004f98       0x1c .pio\build\cubecell_node\libFrameworkArduino.a(UART_2_SCB_IRQ.c.o)
                0x0000000000004f98                UART_2_SCB_IRQ_Stop
 .text          0x0000000000004fb4      0x114 c:/users/qitas/.platformio/packages/toolchain-gccarmnoneeabi/bin/../lib/gcc/arm-none-eabi/9.2.1/thumb/v6-m/nofp\libgcc.a(_udivsi3.o)
                0x0000000000004fb4                __aeabi_uidiv
                0x0000000000004fb4                __udivsi3
                0x00000000000050c0                __aeabi_uidivmod
 .text          0x00000000000050c8      0x1d4 c:/users/qitas/.platformio/packages/toolchain-gccarmnoneeabi/bin/../lib/gcc/arm-none-eabi/9.2.1/thumb/v6-m/nofp\libgcc.a(_divsi3.o)
                0x00000000000050c8                __divsi3
                0x00000000000050c8                __aeabi_idiv
                0x0000000000005294                __aeabi_idivmod
 .text          0x000000000000529c        0x4 c:/users/qitas/.platformio/packages/toolchain-gccarmnoneeabi/bin/../lib/gcc/arm-none-eabi/9.2.1/thumb/v6-m/nofp\libgcc.a(_dvmd_tls.o)
                0x000000000000529c                __aeabi_idiv0
                0x000000000000529c                __aeabi_ldiv0
 .text          0x00000000000052a0       0x7c c:/users/qitas/.platformio/packages/toolchain-gccarmnoneeabi/bin/../lib/gcc/arm-none-eabi/9.2.1/thumb/v6-m/nofp\libgcc.a(_arm_cmpdf2.o)
                0x00000000000052a0                __aeabi_cdrcmple
                0x00000000000052b0                __aeabi_cdcmple
                0x00000000000052b0                __aeabi_cdcmpeq
                0x00000000000052c0                __aeabi_dcmpeq
                0x00000000000052cc                __aeabi_dcmplt
                0x00000000000052e0                __aeabi_dcmple
                0x00000000000052f4                __aeabi_dcmpgt
                0x0000000000005308                __aeabi_dcmpge
 .text          0x000000000000531c       0x40 c:/users/qitas/.platformio/packages/toolchain-gccarmnoneeabi/bin/../lib/gcc/arm-none-eabi/9.2.1/thumb/v6-m/nofp\libgcc.a(_aeabi_uldivmod.o)
                0x000000000000531c                __aeabi_uldivmod
 .text.__muldi3
                0x000000000000535c       0x50 c:/users/qitas/.platformio/packages/toolchain-gccarmnoneeabi/bin/../lib/gcc/arm-none-eabi/9.2.1/thumb/v6-m/nofp\libgcc.a(_muldi3.o)
                0x000000000000535c                __muldi3
                0x000000000000535c                __aeabi_lmul
 .text.__fixunsdfsi
                0x00000000000053ac       0x3c c:/users/qitas/.platformio/packages/toolchain-gccarmnoneeabi/bin/../lib/gcc/arm-none-eabi/9.2.1/thumb/v6-m/nofp\libgcc.a(_fixunsdfsi.o)
                0x00000000000053ac                __aeabi_d2uiz
                0x00000000000053ac                __fixunsdfsi
 .text.__udivmoddi4
                0x00000000000053e8      0x198 c:/users/qitas/.platformio/packages/toolchain-gccarmnoneeabi/bin/../lib/gcc/arm-none-eabi/9.2.1/thumb/v6-m/nofp\libgcc.a(_udivmoddi4.o)
                0x00000000000053e8                __udivmoddi4
 .text.__aeabi_fdiv
                0x0000000000005580      0x218 c:/users/qitas/.platformio/packages/toolchain-gccarmnoneeabi/bin/../lib/gcc/arm-none-eabi/9.2.1/thumb/v6-m/nofp\libgcc.a(divsf3.o)
                0x0000000000005580                __aeabi_fdiv
 .text.__aeabi_ui2f
                0x0000000000005798       0x78 c:/users/qitas/.platformio/packages/toolchain-gccarmnoneeabi/bin/../lib/gcc/arm-none-eabi/9.2.1/thumb/v6-m/nofp\libgcc.a(floatunsisf.o)
                0x0000000000005798                __aeabi_ui2f
 .text.__aeabi_dadd
                0x0000000000005810      0x6d4 c:/users/qitas/.platformio/packages/toolchain-gccarmnoneeabi/bin/../lib/gcc/arm-none-eabi/9.2.1/thumb/v6-m/nofp\libgcc.a(adddf3.o)
                0x0000000000005810                __aeabi_dadd
 .text.__aeabi_ddiv
                0x0000000000005ee4      0x5d0 c:/users/qitas/.platformio/packages/toolchain-gccarmnoneeabi/bin/../lib/gcc/arm-none-eabi/9.2.1/thumb/v6-m/nofp\libgcc.a(divdf3.o)
                0x0000000000005ee4                __aeabi_ddiv
 .text.__eqdf2  0x00000000000064b4       0x78 c:/users/qitas/.platformio/packages/toolchain-gccarmnoneeabi/bin/../lib/gcc/arm-none-eabi/9.2.1/thumb/v6-m/nofp\libgcc.a(eqdf2.o)
                0x00000000000064b4                __nedf2
                0x00000000000064b4                __eqdf2
 .text.__gedf2  0x000000000000652c       0xe4 c:/users/qitas/.platformio/packages/toolchain-gccarmnoneeabi/bin/../lib/gcc/arm-none-eabi/9.2.1/thumb/v6-m/nofp\libgcc.a(gedf2.o)
                0x000000000000652c                __gedf2
                0x000000000000652c                __gtdf2
 .text.__ledf2  0x0000000000006610       0xe0 c:/users/qitas/.platformio/packages/toolchain-gccarmnoneeabi/bin/../lib/gcc/arm-none-eabi/9.2.1/thumb/v6-m/nofp\libgcc.a(ledf2.o)
                0x0000000000006610                __ledf2
                0x0000000000006610                __ltdf2
 .text.__aeabi_dsub
                0x00000000000066f0      0x724 c:/users/qitas/.platformio/packages/toolchain-gccarmnoneeabi/bin/../lib/gcc/arm-none-eabi/9.2.1/thumb/v6-m/nofp\libgcc.a(subdf3.o)
                0x00000000000066f0                __aeabi_dsub
 .text.__aeabi_d2iz
                0x0000000000006e14       0x6c c:/users/qitas/.platformio/packages/toolchain-gccarmnoneeabi/bin/../lib/gcc/arm-none-eabi/9.2.1/thumb/v6-m/nofp\libgcc.a(fixdfsi.o)
                0x0000000000006e14                __aeabi_d2iz
 .text.__aeabi_ui2d
                0x0000000000006e80       0x4c c:/users/qitas/.platformio/packages/toolchain-gccarmnoneeabi/bin/../lib/gcc/arm-none-eabi/9.2.1/thumb/v6-m/nofp\libgcc.a(floatunsidf.o)
                0x0000000000006e80                __aeabi_ui2d
 .text.__aeabi_f2d
                0x0000000000006ecc       0x90 c:/users/qitas/.platformio/packages/toolchain-gccarmnoneeabi/bin/../lib/gcc/arm-none-eabi/9.2.1/thumb/v6-m/nofp\libgcc.a(extendsfdf2.o)
                0x0000000000006ecc                __aeabi_f2d
 .text          0x0000000000006f5c       0x3c c:/users/qitas/.platformio/packages/toolchain-gccarmnoneeabi/bin/../lib/gcc/arm-none-eabi/9.2.1/thumb/v6-m/nofp\libgcc.a(_clzsi2.o)
                0x0000000000006f5c                __clzsi2
 .text          0x0000000000006f98       0x18 c:/users/qitas/.platformio/packages/toolchain-gccarmnoneeabi/bin/../lib/gcc/arm-none-eabi/9.2.1/thumb/v6-m/nofp\libgcc.a(_clzdi2.o)
                0x0000000000006f98                __clzdi2
 .text.__cxa_atexit
                0x0000000000006fb0       0x1c c:/users/qitas/.platformio/packages/toolchain-gccarmnoneeabi/bin/../lib/gcc/arm-none-eabi/9.2.1/../../../../arm-none-eabi/lib/thumb/v6-m/nofp\libc_nano.a(lib_a-cxa_atexit.o)
                0x0000000000006fb0                __cxa_atexit
 .text.__errno  0x0000000000006fcc        0xc c:/users/qitas/.platformio/packages/toolchain-gccarmnoneeabi/bin/../lib/gcc/arm-none-eabi/9.2.1/../../../../arm-none-eabi/lib/thumb/v6-m/nofp\libc_nano.a(lib_a-errno.o)
                0x0000000000006fcc                __errno
 .text.__libc_init_array
                0x0000000000006fd8       0x48 c:/users/qitas/.platformio/packages/toolchain-gccarmnoneeabi/bin/../lib/gcc/arm-none-eabi/9.2.1/../../../../arm-none-eabi/lib/thumb/v6-m/nofp\libc_nano.a(lib_a-init.o)
                0x0000000000006fd8                __libc_init_array
 .text.free     0x0000000000007020       0x14 c:/users/qitas/.platformio/packages/toolchain-gccarmnoneeabi/bin/../lib/gcc/arm-none-eabi/9.2.1/../../../../arm-none-eabi/lib/thumb/v6-m/nofp\libc_nano.a(lib_a-malloc.o)
                0x0000000000007020                free
 .text.memcpy   0x0000000000007034       0x12 c:/users/qitas/.platformio/packages/toolchain-gccarmnoneeabi/bin/../lib/gcc/arm-none-eabi/9.2.1/../../../../arm-none-eabi/lib/thumb/v6-m/nofp\libc_nano.a(lib_a-memcpy-stub.o)
                0x0000000000007034                memcpy
 .text.memset   0x0000000000007046       0x10 c:/users/qitas/.platformio/packages/toolchain-gccarmnoneeabi/bin/../lib/gcc/arm-none-eabi/9.2.1/../../../../arm-none-eabi/lib/thumb/v6-m/nofp\libc_nano.a(lib_a-memset.o)
                0x0000000000007046                memset
 *fill*         0x0000000000007056        0x2 
 .text._free_r  0x0000000000007058       0x94 c:/users/qitas/.platformio/packages/toolchain-gccarmnoneeabi/bin/../lib/gcc/arm-none-eabi/9.2.1/../../../../arm-none-eabi/lib/thumb/v6-m/nofp\libc_nano.a(lib_a-nano-freer.o)
                0x0000000000007058                _free_r
 .text._malloc_r
                0x00000000000070ec       0xbc c:/users/qitas/.platformio/packages/toolchain-gccarmnoneeabi/bin/../lib/gcc/arm-none-eabi/9.2.1/../../../../arm-none-eabi/lib/thumb/v6-m/nofp\libc_nano.a(lib_a-nano-mallocr.o)
                0x00000000000070ec                _malloc_r
 .text.realloc  0x00000000000071a8       0x14 c:/users/qitas/.platformio/packages/toolchain-gccarmnoneeabi/bin/../lib/gcc/arm-none-eabi/9.2.1/../../../../arm-none-eabi/lib/thumb/v6-m/nofp\libc_nano.a(lib_a-realloc.o)
                0x00000000000071a8                realloc
 .text._sbrk_r  0x00000000000071bc       0x24 c:/users/qitas/.platformio/packages/toolchain-gccarmnoneeabi/bin/../lib/gcc/arm-none-eabi/9.2.1/../../../../arm-none-eabi/lib/thumb/v6-m/nofp\libc_nano.a(lib_a-sbrkr.o)
                0x00000000000071bc                _sbrk_r
 .text.strcpy   0x00000000000071e0       0x10 c:/users/qitas/.platformio/packages/toolchain-gccarmnoneeabi/bin/../lib/gcc/arm-none-eabi/9.2.1/../../../../arm-none-eabi/lib/thumb/v6-m/nofp\libc_nano.a(lib_a-strcpy.o)
                0x00000000000071e0                strcpy
 .text          0x00000000000071f0        0xe c:/users/qitas/.platformio/packages/toolchain-gccarmnoneeabi/bin/../lib/gcc/arm-none-eabi/9.2.1/../../../../arm-none-eabi/lib/thumb/v6-m/nofp\libc_nano.a(lib_a-strlen.o)
                0x00000000000071f0                strlen
 .text.__retarget_lock_acquire_recursive
                0x00000000000071fe        0x2 c:/users/qitas/.platformio/packages/toolchain-gccarmnoneeabi/bin/../lib/gcc/arm-none-eabi/9.2.1/../../../../arm-none-eabi/lib/thumb/v6-m/nofp\libc_nano.a(lib_a-lock.o)
                0x00000000000071fe                __retarget_lock_acquire_recursive
 .text.__retarget_lock_release_recursive
                0x0000000000007200        0x2 c:/users/qitas/.platformio/packages/toolchain-gccarmnoneeabi/bin/../lib/gcc/arm-none-eabi/9.2.1/../../../../arm-none-eabi/lib/thumb/v6-m/nofp\libc_nano.a(lib_a-lock.o)
                0x0000000000007200                __retarget_lock_release_recursive
 *fill*         0x0000000000007202        0x2 
 .text.__malloc_lock
                0x0000000000007204       0x10 c:/users/qitas/.platformio/packages/toolchain-gccarmnoneeabi/bin/../lib/gcc/arm-none-eabi/9.2.1/../../../../arm-none-eabi/lib/thumb/v6-m/nofp\libc_nano.a(lib_a-mlock.o)
                0x0000000000007204                __malloc_lock
 .text.__malloc_unlock
                0x0000000000007214       0x10 c:/users/qitas/.platformio/packages/toolchain-gccarmnoneeabi/bin/../lib/gcc/arm-none-eabi/9.2.1/../../../../arm-none-eabi/lib/thumb/v6-m/nofp\libc_nano.a(lib_a-mlock.o)
                0x0000000000007214                __malloc_unlock
 .text._realloc_r
                0x0000000000007224       0x4c c:/users/qitas/.platformio/packages/toolchain-gccarmnoneeabi/bin/../lib/gcc/arm-none-eabi/9.2.1/../../../../arm-none-eabi/lib/thumb/v6-m/nofp\libc_nano.a(lib_a-nano-reallocr.o)
                0x0000000000007224                _realloc_r
 .text._malloc_usable_size_r
                0x0000000000007270       0x10 c:/users/qitas/.platformio/packages/toolchain-gccarmnoneeabi/bin/../lib/gcc/arm-none-eabi/9.2.1/../../../../arm-none-eabi/lib/thumb/v6-m/nofp\libc_nano.a(lib_a-nano-msizer.o)
                0x0000000000007270                _malloc_usable_size_r
 *(.plt)
 *(.gnu.warning)
 *(.glue_7t)
 .glue_7t       0x0000000000007280        0x0 linker stubs
 *(.glue_7)
 .glue_7        0x0000000000007280        0x0 linker stubs
 *(.vfp11_veneer)
 .vfp11_veneer  0x0000000000007280        0x0 linker stubs
 *(.bootloader)
 *(.ARM.extab* .gnu.linkonce.armextab.*)
 *(.gcc_except_table)

.v4_bx          0x0000000000007280        0x0
 .v4_bx         0x0000000000007280        0x0 linker stubs

.iplt           0x0000000000007280        0x0
 .iplt          0x0000000000007280        0x0 c:/users/qitas/.platformio/packages/toolchain-gccarmnoneeabi/bin/../lib/gcc/arm-none-eabi/9.2.1/thumb/v6-m/nofp/crtbegin.o

.eh_frame_hdr
 *(.eh_frame_hdr)

.eh_frame       0x0000000000007280        0x4
 *(.eh_frame)
 .eh_frame      0x0000000000007280        0x0 c:/users/qitas/.platformio/packages/toolchain-gccarmnoneeabi/bin/../lib/gcc/arm-none-eabi/9.2.1/thumb/v6-m/nofp/crtbegin.o
 .eh_frame      0x0000000000007280        0x4 c:/users/qitas/.platformio/packages/toolchain-gccarmnoneeabi/bin/../lib/gcc/arm-none-eabi/9.2.1/thumb/v6-m/nofp/crtend.o
                [!provide]                        PROVIDE (__exidx_start = .)

.ARM.exidx      0x0000000000007284        0x8
 *(.ARM.exidx* .gnu.linkonce.armexidx.*)
 .ARM.exidx.text.__udivmoddi4
                0x0000000000007284        0x8 c:/users/qitas/.platformio/packages/toolchain-gccarmnoneeabi/bin/../lib/gcc/arm-none-eabi/9.2.1/thumb/v6-m/nofp\libgcc.a(_udivmoddi4.o)
                0x000000000000728c                __exidx_end = .

.rodata         0x000000000000728c      0x1ec
 *(.rodata .rodata.* .gnu.linkonce.r.*)
 .rodata.str1.1
                0x000000000000728c        0x3 .pio\build\cubecell_node\src\ADC.ino.cpp.o
 *fill*         0x000000000000728f        0x1 
 .rodata        0x0000000000007290       0x34 .pio\build\cubecell_node\libFrameworkArduino.a(HardwareSerial.cpp.o)
                0x0000000000007290                vtable for HardwareSerial
 .rodata.str1.1
                0x00000000000072c4       0x17 .pio\build\cubecell_node\libFrameworkArduino.a(asr_board.c.o)
 .rodata.str1.1
                0x00000000000072db       0x14 .pio\build\cubecell_node\libFrameworkArduino.a(Print.cpp.o)
 .rodata.str1.1
                0x00000000000072ef       0x14 .pio\build\cubecell_node\libFrameworkArduino.a(Stream.cpp.o)
                                          0x1 (size before relaxing)
 .rodata.str1.1
                0x00000000000072ef        0x7 .pio\build\cubecell_node\libFrameworkArduino.a(printf.c.o)
 *fill*         0x00000000000072f6        0x2 
 .rodata        0x00000000000072f8        0xc .pio\build\cubecell_node\libFrameworkArduino.a(CyLFClk.c.o)
 .rodata        0x0000000000007304       0x17 .pio\build\cubecell_node\libFrameworkArduino.a(CyLib.c.o)
                0x0000000000007304                cyImoFreqMhz2DpllOffset
 *fill*         0x000000000000731b        0x1 
 .rodata.__aeabi_fdiv
                0x000000000000731c       0x80 c:/users/qitas/.platformio/packages/toolchain-gccarmnoneeabi/bin/../lib/gcc/arm-none-eabi/9.2.1/thumb/v6-m/nofp\libgcc.a(divsf3.o)
 .rodata.__aeabi_ddiv
                0x000000000000739c       0x40 c:/users/qitas/.platformio/packages/toolchain-gccarmnoneeabi/bin/../lib/gcc/arm-none-eabi/9.2.1/thumb/v6-m/nofp\libgcc.a(divdf3.o)
 .rodata.__sf_fake_stderr
                0x00000000000073dc       0x20 c:/users/qitas/.platformio/packages/toolchain-gccarmnoneeabi/bin/../lib/gcc/arm-none-eabi/9.2.1/../../../../arm-none-eabi/lib/thumb/v6-m/nofp\libc_nano.a(lib_a-findfp.o)
                0x00000000000073dc                __sf_fake_stderr
 .rodata.__sf_fake_stdin
                0x00000000000073fc       0x20 c:/users/qitas/.platformio/packages/toolchain-gccarmnoneeabi/bin/../lib/gcc/arm-none-eabi/9.2.1/../../../../arm-none-eabi/lib/thumb/v6-m/nofp\libc_nano.a(lib_a-findfp.o)
                0x00000000000073fc                __sf_fake_stdin
 .rodata.__sf_fake_stdout
                0x000000000000741c       0x20 c:/users/qitas/.platformio/packages/toolchain-gccarmnoneeabi/bin/../lib/gcc/arm-none-eabi/9.2.1/../../../../arm-none-eabi/lib/thumb/v6-m/nofp\libc_nano.a(lib_a-findfp.o)
                0x000000000000741c                __sf_fake_stdout
                0x000000000000743c                . = ALIGN (0x4)
 *(.init)
 .init          0x000000000000743c        0x4 c:/users/qitas/.platformio/packages/toolchain-gccarmnoneeabi/bin/../lib/gcc/arm-none-eabi/9.2.1/thumb/v6-m/nofp/crti.o
                0x000000000000743c                _init
 .init          0x0000000000007440        0x8 c:/users/qitas/.platformio/packages/toolchain-gccarmnoneeabi/bin/../lib/gcc/arm-none-eabi/9.2.1/thumb/v6-m/nofp/crtn.o
                0x0000000000007448                . = ALIGN (0x4)
                0x0000000000007448                __preinit_array_start = .
 *(.preinit_array)
                0x0000000000007448                __preinit_array_end = .
                0x0000000000007448                . = ALIGN (0x4)
                0x0000000000007448                __init_array_start = .
 *(SORT_BY_NAME(.init_array.*))
 *(.init_array)
 .init_array    0x0000000000007448        0x4 c:/users/qitas/.platformio/packages/toolchain-gccarmnoneeabi/bin/../lib/gcc/arm-none-eabi/9.2.1/thumb/v6-m/nofp/crtbegin.o
 .init_array    0x000000000000744c        0x4 .pio\build\cubecell_node\libFrameworkArduino.a(HardwareSerial.cpp.o)
 .init_array    0x0000000000007450        0x4 .pio\build\cubecell_node\libFrameworkArduino.a(Cm0plusStart.c.o)
                0x0000000000007454                __init_array_end = .
                0x0000000000007454                . = ALIGN (0x4)
 *(.fini)
 .fini          0x0000000000007454        0x4 c:/users/qitas/.platformio/packages/toolchain-gccarmnoneeabi/bin/../lib/gcc/arm-none-eabi/9.2.1/thumb/v6-m/nofp/crti.o
                0x0000000000007454                _fini
 .fini          0x0000000000007458        0x8 c:/users/qitas/.platformio/packages/toolchain-gccarmnoneeabi/bin/../lib/gcc/arm-none-eabi/9.2.1/thumb/v6-m/nofp/crtn.o
                0x0000000000007460                . = ALIGN (0x4)
                0x0000000000007460                __fini_array_start = .
 *(.fini_array)
 .fini_array    0x0000000000007460        0x4 c:/users/qitas/.platformio/packages/toolchain-gccarmnoneeabi/bin/../lib/gcc/arm-none-eabi/9.2.1/thumb/v6-m/nofp/crtbegin.o
 *(SORT_BY_NAME(.fini_array.*))
                0x0000000000007464                __fini_array_end = .
                0x0000000000007464                . = ALIGN (0x4)
 *crtbegin.o(.ctors)
 *(EXCLUDE_FILE(*crtend.o) .ctors)
 *(SORT_BY_NAME(.ctors.*))
 *crtend.o(.ctors)
                0x0000000000007464                . = ALIGN (0x4)
 *crtbegin.o(.dtors)
 *(EXCLUDE_FILE(*crtend.o) .dtors)
 *(SORT_BY_NAME(.dtors.*))
 *crtend.o(.dtors)
                0x0000000000007464                . = ALIGN (0x4)
                0x0000000000007464                __cy_regions = .
                0x0000000000007464        0x4 LONG 0x7478 __cy_region_init_ram
                0x0000000000007468        0x4 LONG 0x200000b8 __cy_region_start_data
                0x000000000000746c        0x4 LONG 0x100 __cy_region_init_size_ram
                0x0000000000007470        0x4 LONG 0x4f8 __cy_region_zero_size_ram
                0x0000000000007474                __cy_regions_end = .
                0x0000000000007478                . = ALIGN (0x8)
 *fill*         0x0000000000007474        0x4 
                0x0000000000007478                _etext = .

.ramvectors     0x0000000020000000       0xb0
                0x0000000020000000                __cy_region_start_ram = .
 *(.ramvectors)
 .ramvectors    0x0000000020000000       0xb0 .pio\build\cubecell_node\libFrameworkArduino.a(Cm0plusStart.c.o)
                0x0000000020000000                CyRamVectors

.btldr_run      0x00000000200000b0        0x4
 *(.bootloaderruntype)
 .bootloaderruntype
                0x00000000200000b0        0x4 .pio\build\cubecell_node\libFrameworkArduino.a(Cm0plusStart.c.o)
                0x00000000200000b0                cyBtldrRunType

.noinit
 *(.noinit)

.data           0x00000000200000b8      0x100 load address 0x0000000000007478
                0x00000000200000b8                __cy_region_start_data = .
 *(.jcr)
 *(.got.plt)
 *(.got)
 *(.shdata)
 *(.data .data.* .gnu.linkonce.d.*)
 .data.__dso_handle
                0x00000000200000b8        0x4 c:/users/qitas/.platformio/packages/toolchain-gccarmnoneeabi/bin/../lib/gcc/arm-none-eabi/9.2.1/thumb/v6-m/nofp/crtbegin.o
                0x00000000200000b8                __dso_handle
 .data          0x00000000200000bc       0x6c C:\Users\qitas\.platformio\packages\framework-arduinoasrmicro650x\cores\asr650x\projects\CubeCellLib.a(lorawan_port.o)
                0x00000000200000bc                aos_mft_itf
                0x00000000200000d4                aos_lrwan_radio_ctrl
                0x00000000200000e8                aos_lrwan_time_itf
                0x000000002000011c                aos_lrwan_chg_mode
 .data          0x0000000020000128        0x9 .pio\build\cubecell_node\libFrameworkArduino.a(asr_board.c.o)
                0x0000000020000128                g_log_level
                0x0000000020000130                UseTCXO
 *fill*         0x0000000020000131        0x3 
 .data          0x0000000020000134        0x4 .pio\build\cubecell_node\libFrameworkArduino.a(Cm0plusStart.c.o)
 .data          0x0000000020000138        0x4 .pio\build\cubecell_node\libFrameworkArduino.a(CyLFClk.c.o)
 .data          0x000000002000013c       0x14 .pio\build\cubecell_node\libFrameworkArduino.a(CyLib.c.o)
                0x000000002000013c                CySysClkPumpConfig
                0x0000000020000140                cydelay32kMs
                0x0000000020000144                cydelayFreqKhz
                0x0000000020000148                cydelayFreqMhz
                0x000000002000014c                cydelayFreqHz
 .data          0x0000000020000150        0x1 .pio\build\cubecell_node\libFrameworkArduino.a(UART_1_UART.c.o)
                0x0000000020000150                UART_1_skipStart
 *fill*         0x0000000020000151        0x3 
 .data._impure_ptr
                0x0000000020000154        0x4 c:/users/qitas/.platformio/packages/toolchain-gccarmnoneeabi/bin/../lib/gcc/arm-none-eabi/9.2.1/../../../../arm-none-eabi/lib/thumb/v6-m/nofp\libc_nano.a(lib_a-impure.o)
                0x0000000020000154                _impure_ptr
 .data.impure_data
                0x0000000020000158       0x60 c:/users/qitas/.platformio/packages/toolchain-gccarmnoneeabi/bin/../lib/gcc/arm-none-eabi/9.2.1/../../../../arm-none-eabi/lib/thumb/v6-m/nofp\libc_nano.a(lib_a-impure.o)
                0x00000000200001b8                . = ALIGN (0x8)
 *(.ram)
                0x00000000200001b8                _edata = .

.igot.plt       0x00000000200001b8        0x0 load address 0x0000000000007578
 .igot.plt      0x00000000200001b8        0x0 c:/users/qitas/.platformio/packages/toolchain-gccarmnoneeabi/bin/../lib/gcc/arm-none-eabi/9.2.1/thumb/v6-m/nofp/crtbegin.o

.bss            0x00000000200001b8      0x4f8 load address 0x0000000000007578
                0x00000000200001b8                PROVIDE (__bss_start__ = .)
 *(.shbss)
 *(.bss .bss.* .gnu.linkonce.b.*)
 .bss.completed.8911
                0x00000000200001b8        0x1 c:/users/qitas/.platformio/packages/toolchain-gccarmnoneeabi/bin/../lib/gcc/arm-none-eabi/9.2.1/thumb/v6-m/nofp/crtbegin.o
 *fill*         0x00000000200001b9        0x3 
 .bss.object.8916
                0x00000000200001bc       0x18 c:/users/qitas/.platformio/packages/toolchain-gccarmnoneeabi/bin/../lib/gcc/arm-none-eabi/9.2.1/thumb/v6-m/nofp/crtbegin.o
 .bss           0x00000000200001d4        0x2 .pio\build\cubecell_node\src\ADC.ino.cpp.o
                0x00000000200001d4                voltage
 *fill*         0x00000000200001d6        0x2 
 .bss           0x00000000200001d8      0x13e C:\Users\qitas\.platformio\packages\framework-arduinoasrmicro650x\cores\asr650x\projects\CubeCellLib.a(ASR_Arduino.o)
                0x00000000200001d8                GpioIrqNumber
                0x00000000200001d9                GpioIrq
                0x0000000020000218                GpioIrqHandlerCallback
 *fill*         0x0000000020000316        0x2 
 .bss           0x0000000020000318        0x4 C:\Users\qitas\.platformio\packages\framework-arduinoasrmicro650x\cores\asr650x\projects\CubeCellLib.a(timeServer.o)
 *fill*         0x000000002000031c        0x4 
 .bss           0x0000000020000320       0x21 C:\Users\qitas\.platformio\packages\framework-arduinoasrmicro650x\cores\asr650x\projects\CubeCellLib.a(lorawan_port.o)
                0x0000000020000340                HasLoopedThroughMain
 *fill*         0x0000000020000341        0x3 
 .bss           0x0000000020000344        0xc C:\Users\qitas\.platformio\packages\framework-arduinoasrmicro650x\cores\asr650x\projects\CubeCellLib.a(asr_timer.o)
 .bss           0x0000000020000350        0x4 C:\Users\qitas\.platformio\packages\framework-arduinoasrmicro650x\cores\asr650x\projects\CubeCellLib.a(cyfitter_cfg.o)
                0x0000000020000350                systime
 .bss           0x0000000020000354       0x30 .pio\build\cubecell_node\libFrameworkArduino.a(HardwareSerial.cpp.o)
                0x0000000020000354                Serial
                0x000000002000036c                Serial1
 .bss           0x0000000020000384       0x34 .pio\build\cubecell_node\libFrameworkArduino.a(asr_board.c.o)
                0x0000000020000384                gPaOptSetting
                0x000000002000038c                gChipId
                0x00000000200003a0                DeviceSel
                0x00000000200003ac                AntPow
 .bss           0x00000000200003b8        0x9 .pio\build\cubecell_node\libFrameworkArduino.a(ADC_SAR_Seq.c.o)
                0x00000000200003b8                ADC_SAR_Seq_offset
                0x00000000200003bc                ADC_SAR_Seq_countsPer10Volt
                0x00000000200003c0                ADC_SAR_Seq_initVar
 *fill*         0x00000000200003c1        0x3 
 .bss           0x00000000200003c4      0x213 .pio\build\cubecell_node\libFrameworkArduino.a(radio.c.o)
                0x00000000200003c4                IrqFired
                0x00000000200003cc                TxTimeoutTimer
                0x00000000200003e0                RxTimeoutTimer
                0x00000000200003f4                CadTimeoutTimer
                0x0000000020000408                TxTimeout
                0x000000002000040c                RxContinuous
                0x0000000020000410                RxTimeout
                0x0000000020000414                RadioPktStatus
                0x000000002000042c                SX126x
                0x00000000200004d8                RadioRxPayload
 *fill*         0x00000000200005d7        0x1 
 .bss           0x00000000200005d8        0x8 .pio\build\cubecell_node\libFrameworkArduino.a(sx126x.c.o)
                0x00000000200005dc                FrequencyError
 .bss           0x00000000200005e0       0x18 .pio\build\cubecell_node\libFrameworkArduino.a(CyLFClk.c.o)
 .bss           0x00000000200005f8       0x18 .pio\build\cubecell_node\libFrameworkArduino.a(CyLib.c.o)
                0x000000002000060c                CySysTickInitVar
 .bss           0x0000000020000610        0x4 .pio\build\cubecell_node\libFrameworkArduino.a(SPI_1.c.o)
                0x0000000020000610                SPI_1_initVar
                0x0000000020000612                SPI_1_IntrTxMask
 .bss           0x0000000020000614        0x1 .pio\build\cubecell_node\libFrameworkArduino.a(SPI_1_PM.c.o)
                0x0000000020000614                SPI_1_backup
 *fill*         0x0000000020000615        0x3 
 .bss           0x0000000020000618        0xa C:\Users\qitas\.platformio\packages\framework-arduinoasrmicro650x\cores\asr650x\projects\CubeCellLib.a(UART_2.o)
                0x0000000020000618                UART_2_initVar
                0x000000002000061c                UART_2_customIntrHandler
                0x0000000020000620                UART_2_IntrTxMask
 *fill*         0x0000000020000622        0x2 
 .bss           0x0000000020000624        0xa C:\Users\qitas\.platformio\packages\framework-arduinoasrmicro650x\cores\asr650x\projects\CubeCellLib.a(UART_1.o)
                0x0000000020000624                UART_1_initVar
                0x0000000020000628                UART_1_customIntrHandler
                0x000000002000062c                UART_1_IntrTxMask
 *fill*         0x000000002000062e        0x2 
 .bss.__malloc_free_list
                0x0000000020000630        0x4 c:/users/qitas/.platformio/packages/toolchain-gccarmnoneeabi/bin/../lib/gcc/arm-none-eabi/9.2.1/../../../../arm-none-eabi/lib/thumb/v6-m/nofp\libc_nano.a(lib_a-nano-mallocr.o)
                0x0000000020000630                __malloc_free_list
 .bss.__malloc_sbrk_start
                0x0000000020000634        0x4 c:/users/qitas/.platformio/packages/toolchain-gccarmnoneeabi/bin/../lib/gcc/arm-none-eabi/9.2.1/../../../../arm-none-eabi/lib/thumb/v6-m/nofp\libc_nano.a(lib_a-nano-mallocr.o)
                0x0000000020000634                __malloc_sbrk_start
 *(COMMON)
 COMMON         0x0000000020000638       0x64 C:\Users\qitas\.platformio\packages\framework-arduinoasrmicro650x\cores\asr650x\projects\CubeCellLib.a(lorawan_port.o)
                0x0000000020000638                gpio_base_backup
                0x0000000020000658                pc2_backup
                0x0000000020000678                pc_backup
                0x0000000020000698                port_backup
 COMMON         0x000000002000069c        0x9 c:/users/qitas/.platformio/packages/toolchain-gccarmnoneeabi/bin/../lib/gcc/arm-none-eabi/9.2.1/../../../../arm-none-eabi/lib/thumb/v6-m/nofp\libc_nano.a(lib_a-lock.o)
                0x000000002000069c                __lock___atexit_recursive_mutex
                0x000000002000069d                __lock___arc4random_mutex
                0x000000002000069e                __lock___env_recursive_mutex
                0x000000002000069f                __lock___sinit_recursive_mutex
                0x00000000200006a0                __lock___malloc_recursive_mutex
                0x00000000200006a1                __lock___at_quick_exit_mutex
                0x00000000200006a2                __lock___dd_hash_mutex
                0x00000000200006a3                __lock___tz_mutex
                0x00000000200006a4                __lock___sfp_recursive_mutex
 *fill*         0x00000000200006a5        0x3 
 COMMON         0x00000000200006a8        0x4 c:/users/qitas/.platformio/packages/toolchain-gccarmnoneeabi/bin/../lib/gcc/arm-none-eabi/9.2.1/../../../../arm-none-eabi/lib/thumb/v6-m/nofp\libc_nano.a(lib_a-reent.o)
                0x00000000200006a8                errno
                0x00000000200006b0                . = ALIGN (0x8)
 *fill*         0x00000000200006ac        0x4 
 *(.ram.b)
                0x00000000200006b0                _end = .
                0x00000000200006b0                __end = .
                0x00000000200006b0                PROVIDE (end = .)
                0x00000000200006b0                PROVIDE (__bss_end__ = .)
                0x0000000000007478                __cy_region_init_ram = LOADADDR (.data)
                0x0000000000000100                __cy_region_init_size_ram = (_edata - ADDR (.data))
                0x00000000000004f8                __cy_region_zero_size_ram = (_end - _edata)

.heap           0x00000000200006b0     0x1000 load address 0x0000000000007578
                0x00000000200006b0                . = _end
                0x00000000200016b0                . = (. + 0x1000)
 *fill*         0x00000000200006b0     0x1000 
                0x00000000200016b0                __cy_heap_limit = .

.stack          0x0000000020003800      0x800
                0x0000000020003800                __cy_stack_limit = .
                0x0000000020004000                . = (. + 0x800)
 *fill*         0x0000000020003800      0x800 
                0x0000000000000001                ASSERT ((__cy_stack_limit >= __cy_heap_limit), region RAM overflowed with stack)

.cy_checksum_exclude
                0x000000000001ff00        0x0
 *(.cy_checksum_exclude)
                0x0000000000000000                cy_checksum_exclude_size = (CY_APPL_LOADABLE == 0x1)?SIZEOF (.cy_checksum_exclude):0x0
                0x0000000000000001                ASSERT ((cy_checksum_exclude_size <= CY_CHECKSUM_EXCLUDE_SIZE), CY_BOOT: Section .cy_checksum_exclude size exceedes specified limit.)
                0x00000000f0000000                cyloadermeta_start = (cy_project_type_bootloader || cy_project_type_app_for_stack_and_copier)?(LENGTH (rom) - CY_METADATA_SIZE):0xf0000000

.cyloadermeta   0x00000000f0000000       0x40
 *(.cyloadermeta)
 .cyloadermeta  0x00000000f0000000       0x40 .pio\build\cubecell_node\libFrameworkArduino.a(cybootloader.c.o)
                0x00000000f0000000                cy_meta_loader
                0x000000000001ffc0                cyloadablemeta_start = cy_project_type_app_for_stack_and_copier?((LENGTH (rom) - CY_FLASH_ROW_SIZE) - CY_METADATA_SIZE):((LENGTH (rom) - (CY_FLASH_ROW_SIZE * (CY_APPL_NUM - 0x1))) - CY_METADATA_SIZE)

.cyloadablemeta
                0x000000000001ffc0       0x40
 *(.cyloadablemeta)
 .cyloadablemeta
                0x000000000001ffc0       0x40 .pio\build\cubecell_node\libFrameworkArduino.a(cymetadata.c.o)
                0x000000000001ffc0                cy_meta_loadable

.cyflashprotect
                0x0000000090400000       0x40
 *(.cyflashprotect)
 .cyflashprotect
                0x0000000090400000       0x40 .pio\build\cubecell_node\libFrameworkArduino.a(cybootloader.c.o)
                0x0000000090400000                cy_meta_flashprotect

.cymeta         0x0000000090500000        0xc
 *(.cymeta)
 .cymeta        0x0000000090500000        0xc .pio\build\cubecell_node\libFrameworkArduino.a(cybootloader.c.o)
                0x0000000090500000                cy_metadata

.cychipprotect  0x0000000090600000        0x1
 *(.cychipprotect)
 .cychipprotect
                0x0000000090600000        0x1 .pio\build\cubecell_node\libFrameworkArduino.a(cybootloader.c.o)
                0x0000000090600000                cy_meta_chipprotect

.rel.dyn        0x0000000000020000        0x0
 .rel.iplt      0x0000000000020000        0x0 c:/users/qitas/.platformio/packages/toolchain-gccarmnoneeabi/bin/../lib/gcc/arm-none-eabi/9.2.1/thumb/v6-m/nofp/crtbegin.o

.stab
 *(.stab)

.stabstr        0x0000000000000000      0x14b
 *(.stabstr)
 .stabstr       0x0000000000000000      0x14b c:/users/qitas/.platformio/packages/toolchain-gccarmnoneeabi/bin/../lib/gcc/arm-none-eabi/9.2.1/../../../../arm-none-eabi/lib/thumb/v6-m/nofp\libnosys.a(close.o)

.debug
 *(.debug)

.line
 *(.line)

.debug_srcinfo
 *(.debug_srcinfo)

.debug_sfnames
 *(.debug_sfnames)

.debug_aranges  0x0000000000000000      0x360
 *(.debug_aranges)
 .debug_aranges
                0x0000000000000000       0xb0 C:\Users\qitas\.platformio\packages\framework-arduinoasrmicro650x\cores\asr650x\projects\CubeCellLib.a(ASR_Arduino.o)
 .debug_aranges
                0x00000000000000b0       0x88 C:\Users\qitas\.platformio\packages\framework-arduinoasrmicro650x\cores\asr650x\projects\CubeCellLib.a(timeServer.o)
 .debug_aranges
                0x0000000000000138      0x108 C:\Users\qitas\.platformio\packages\framework-arduinoasrmicro650x\cores\asr650x\projects\CubeCellLib.a(lorawan_port.o)
 .debug_aranges
                0x0000000000000240       0x50 C:\Users\qitas\.platformio\packages\framework-arduinoasrmicro650x\cores\asr650x\projects\CubeCellLib.a(asr_timer.o)
 .debug_aranges
                0x0000000000000290       0x30 C:\Users\qitas\.platformio\packages\framework-arduinoasrmicro650x\cores\asr650x\projects\CubeCellLib.a(cyfitter_cfg.o)
 .debug_aranges
                0x00000000000002c0       0x50 C:\Users\qitas\.platformio\packages\framework-arduinoasrmicro650x\cores\asr650x\projects\CubeCellLib.a(UART_2.o)
 .debug_aranges
                0x0000000000000310       0x50 C:\Users\qitas\.platformio\packages\framework-arduinoasrmicro650x\cores\asr650x\projects\CubeCellLib.a(UART_1.o)

.debug_pubnames
 *(.debug_pubnames)

.debug_info     0x0000000000000000     0x3a27
 *(.debug_info .gnu.linkonce.wi.*)
 .debug_info    0x0000000000000000      0xf67 C:\Users\qitas\.platformio\packages\framework-arduinoasrmicro650x\cores\asr650x\projects\CubeCellLib.a(ASR_Arduino.o)
 .debug_info    0x0000000000000f67      0x7f0 C:\Users\qitas\.platformio\packages\framework-arduinoasrmicro650x\cores\asr650x\projects\CubeCellLib.a(timeServer.o)
 .debug_info    0x0000000000001757      0xdf7 C:\Users\qitas\.platformio\packages\framework-arduinoasrmicro650x\cores\asr650x\projects\CubeCellLib.a(lorawan_port.o)
 .debug_info    0x000000000000254e      0x5f0 C:\Users\qitas\.platformio\packages\framework-arduinoasrmicro650x\cores\asr650x\projects\CubeCellLib.a(asr_timer.o)
 .debug_info    0x0000000000002b3e      0x276 C:\Users\qitas\.platformio\packages\framework-arduinoasrmicro650x\cores\asr650x\projects\CubeCellLib.a(cyfitter_cfg.o)
 .debug_info    0x0000000000002db4      0x67e C:\Users\qitas\.platformio\packages\framework-arduinoasrmicro650x\cores\asr650x\projects\CubeCellLib.a(UART_2.o)
 .debug_info    0x0000000000003432      0x5f5 C:\Users\qitas\.platformio\packages\framework-arduinoasrmicro650x\cores\asr650x\projects\CubeCellLib.a(UART_1.o)

.debug_abbrev   0x0000000000000000     0x108a
 *(.debug_abbrev)
 .debug_abbrev  0x0000000000000000      0x2ee C:\Users\qitas\.platformio\packages\framework-arduinoasrmicro650x\cores\asr650x\projects\CubeCellLib.a(ASR_Arduino.o)
 .debug_abbrev  0x00000000000002ee      0x382 C:\Users\qitas\.platformio\packages\framework-arduinoasrmicro650x\cores\asr650x\projects\CubeCellLib.a(timeServer.o)
 .debug_abbrev  0x0000000000000670      0x374 C:\Users\qitas\.platformio\packages\framework-arduinoasrmicro650x\cores\asr650x\projects\CubeCellLib.a(lorawan_port.o)